Component: ARM Compiler 5.05 update 2 (build 169) Tool: armlink [4d0f33]

==============================================================================

Section Cross References

    startup_stm32f407xx.o(RESET) refers to startup_stm32f407xx.o(STACK) for __initial_sp
    startup_stm32f407xx.o(RESET) refers to startup_stm32f407xx.o(.text) for Reset_Handler
    startup_stm32f407xx.o(RESET) refers to stm32f4xx_it.o(i.NMI_Handler) for NMI_Handler
    startup_stm32f407xx.o(RESET) refers to stm32f4xx_it.o(i.HardFault_Handler) for HardFault_Handler
    startup_stm32f407xx.o(RESET) refers to stm32f4xx_it.o(i.MemManage_Handler) for MemManage_Handler
    startup_stm32f407xx.o(RESET) refers to stm32f4xx_it.o(i.BusFault_Handler) for BusFault_Handler
    startup_stm32f407xx.o(RESET) refers to stm32f4xx_it.o(i.UsageFault_Handler) for UsageFault_Handler
    startup_stm32f407xx.o(RESET) refers to port.o(.emb_text) for SVC_Handler
    startup_stm32f407xx.o(RESET) refers to stm32f4xx_it.o(i.DebugMon_Handler) for DebugMon_Handler
    startup_stm32f407xx.o(RESET) refers to stm32f4xx_it.o(i.SysTick_Handler) for SysTick_Handler
    startup_stm32f407xx.o(RESET) refers to stm32f4xx_it.o(i.EXTI0_IRQHandler) for EXTI0_IRQHandler
    startup_stm32f407xx.o(RESET) refers to stm32f4xx_it.o(i.EXTI3_IRQHandler) for EXTI3_IRQHandler
    startup_stm32f407xx.o(RESET) refers to stm32f4xx_it.o(i.EXTI4_IRQHandler) for EXTI4_IRQHandler
    startup_stm32f407xx.o(RESET) refers to stm32f4xx_it.o(i.CAN1_TX_IRQHandler) for CAN1_TX_IRQHandler
    startup_stm32f407xx.o(RESET) refers to stm32f4xx_it.o(i.CAN1_RX0_IRQHandler) for CAN1_RX0_IRQHandler
    startup_stm32f407xx.o(RESET) refers to stm32f4xx_it.o(i.CAN1_RX1_IRQHandler) for CAN1_RX1_IRQHandler
    startup_stm32f407xx.o(RESET) refers to stm32f4xx_it.o(i.EXTI9_5_IRQHandler) for EXTI9_5_IRQHandler
    startup_stm32f407xx.o(RESET) refers to stm32f4xx_it.o(i.TIM3_IRQHandler) for TIM3_IRQHandler
    startup_stm32f407xx.o(RESET) refers to remotecontrol_task.o(i.USART3_IRQHandler) for USART3_IRQHandler
    startup_stm32f407xx.o(RESET) refers to stm32f4xx_it.o(i.DMA2_Stream1_IRQHandler) for DMA2_Stream1_IRQHandler
    startup_stm32f407xx.o(RESET) refers to stm32f4xx_it.o(i.CAN2_TX_IRQHandler) for CAN2_TX_IRQHandler
    startup_stm32f407xx.o(RESET) refers to stm32f4xx_it.o(i.CAN2_RX0_IRQHandler) for CAN2_RX0_IRQHandler
    startup_stm32f407xx.o(RESET) refers to stm32f4xx_it.o(i.CAN2_RX1_IRQHandler) for CAN2_RX1_IRQHandler
    startup_stm32f407xx.o(RESET) refers to stm32f4xx_it.o(i.OTG_FS_IRQHandler) for OTG_FS_IRQHandler
    startup_stm32f407xx.o(RESET) refers to stm32f4xx_it.o(i.DMA2_Stream6_IRQHandler) for DMA2_Stream6_IRQHandler
    startup_stm32f407xx.o(RESET) refers to stm32f4xx_it.o(i.USART6_IRQHandler) for USART6_IRQHandler
    startup_stm32f407xx.o(.text) refers to system_stm32f4xx.o(i.SystemInit) for SystemInit
    startup_stm32f407xx.o(.text) refers to entry.o(.ARM.Collect$$$$00000000) for __main
    main.o(i.BSP_Init) refers to stm32f4xx_hal.o(i.HAL_Init) for HAL_Init
    main.o(i.BSP_Init) refers to main.o(i.SystemClock_Config) for SystemClock_Config
    main.o(i.BSP_Init) refers to gpio.o(i.MX_GPIO_Init) for MX_GPIO_Init
    main.o(i.BSP_Init) refers to dma.o(i.MX_DMA_Init) for MX_DMA_Init
    main.o(i.BSP_Init) refers to spi.o(i.MX_SPI1_Init) for MX_SPI1_Init
    main.o(i.BSP_Init) refers to tim.o(i.MX_TIM5_Init) for MX_TIM5_Init
    main.o(i.BSP_Init) refers to i2c.o(i.MX_I2C3_Init) for MX_I2C3_Init
    main.o(i.BSP_Init) refers to tim.o(i.MX_TIM10_Init) for MX_TIM10_Init
    main.o(i.BSP_Init) refers to tim.o(i.MX_TIM3_Init) for MX_TIM3_Init
    main.o(i.BSP_Init) refers to can.o(i.MX_CAN1_Init) for MX_CAN1_Init
    main.o(i.BSP_Init) refers to can.o(i.MX_CAN2_Init) for MX_CAN2_Init
    main.o(i.BSP_Init) refers to usart.o(i.MX_USART3_UART_Init) for MX_USART3_UART_Init
    main.o(i.BSP_Init) refers to usb_device.o(i.MX_USB_DEVICE_Init) for MX_USB_DEVICE_Init
    main.o(i.BSP_Init) refers to usart.o(i.MX_UART6_Init) for MX_UART6_Init
    main.o(i.BSP_Init) refers to tim.o(i.MX_TIM2_Init) for MX_TIM2_Init
    main.o(i.BSP_Init) refers to remotecontrol_task.o(i.remote_control_init) for remote_control_init
    main.o(i.BSP_Init) refers to bsp_delay.o(i.delay_init) for delay_init
    main.o(i.BSP_Init) refers to bsp_can.o(i.can_filter_init) for can_filter_init
    main.o(i.BSP_Init) refers to bsp_dwt.o(i.DWT_Init) for DWT_Init
    main.o(i.BSP_Init) refers to bmi088driver.o(i.BMI088_init) for BMI088_init
    main.o(i.BSP_Init) refers to tim.o(i.MX_TIM4_Init) for MX_TIM4_Init
    main.o(i.BSP_Init) refers to stm32f4xx_hal_tim.o(i.HAL_TIM_Base_Start) for HAL_TIM_Base_Start
    main.o(i.BSP_Init) refers to stm32f4xx_hal_tim.o(i.HAL_TIM_PWM_Start) for HAL_TIM_PWM_Start
    main.o(i.BSP_Init) refers to spi.o(.bss) for hspi1
    main.o(i.BSP_Init) refers to tim.o(.bss) for htim4
    main.o(i.SystemClock_Config) refers to memseta.o(.text) for __aeabi_memclr4
[...]
    remote_control_init                      0x0800d7c5   Thumb Code    12  remotecontrol_task.o(i.remote_control_init)
    shootMotor_control                       0x0800d8d5   Thumb Code   398  shoot_task.o(i.shootMotor_control)
    shoot_PID_init                           0x0800da9d   Thumb Code   122  shoot_task.o(i.shoot_PID_init)
    shoot_mode_check                         0x0800dba1   Thumb Code    54  actioncontrol_task.o(i.shoot_mode_check)
    sqrtf                                    0x0800dbe1   Thumb Code    62  sqrtf.o(i.sqrtf)
    ulTaskNotifyTake                         0x0800dc21   Thumb Code    96  tasks.o(i.ulTaskNotifyTake)
    uxListRemove                             0x0800dc89   Thumb Code    38  list.o(i.uxListRemove)
    vApplicationGetIdleTaskMemory            0x0800dcb1   Thumb Code    16  freertos.o(i.vApplicationGetIdleTaskMemory)
    vApplicationGetTimerTaskMemory           0x0800dcc5   Thumb Code    18  freertos.o(i.vApplicationGetTimerTaskMemory)
    vListInitialise                          0x0800dcdd   Thumb Code    22  list.o(i.vListInitialise)
    vListInitialiseItem                      0x0800dcf3   Thumb Code     6  list.o(i.vListInitialiseItem)
    vListInsert                              0x0800dcf9   Thumb Code    48  list.o(i.vListInsert)
    vListInsertEnd                           0x0800dd29   Thumb Code    24  list.o(i.vListInsertEnd)
    vPortEnterCritical                       0x0800dd41   Thumb Code    54  port.o(i.vPortEnterCritical)
    vPortExitCritical                        0x0800dd81   Thumb Code    38  port.o(i.vPortExitCritical)
    vPortFree                                0x0800ddad   Thumb Code    88  heap_4.o(i.vPortFree)
    vPortSetupTimerInterrupt                 0x0800de09   Thumb Code    32  port.o(i.vPortSetupTimerInterrupt)
    vPortValidateInterruptPriority           0x0800de2d   Thumb Code    74  port.o(i.vPortValidateInterruptPriority)
    vQueueAddToRegistry                      0x0800de81   Thumb Code    32  queue.o(i.vQueueAddToRegistry)
    vQueueWaitForMessageRestricted           0x0800dea5   Thumb Code    70  queue.o(i.vQueueWaitForMessageRestricted)
    vTaskDelay                               0x0800deed   Thumb Code    70  tasks.o(i.vTaskDelay)
    vTaskInternalSetTimeOutState             0x0800df3d   Thumb Code    12  tasks.o(i.vTaskInternalSetTimeOutState)
    vTaskMissedYield                         0x0800df4d   Thumb Code     8  tasks.o(i.vTaskMissedYield)
    vTaskPlaceOnEventList                    0x0800df59   Thumb Code    46  tasks.o(i.vTaskPlaceOnEventList)
    vTaskPlaceOnEventListRestricted          0x0800df8d   Thumb Code    54  tasks.o(i.vTaskPlaceOnEventListRestricted)
    vTaskStartScheduler                      0x0800dfc9   Thumb Code   126  tasks.o(i.vTaskStartScheduler)
    vTaskSuspendAll                          0x0800e059   Thumb Code    10  tasks.o(i.vTaskSuspendAll)
    vTaskSwitchContext                       0x0800e069   Thumb Code    86  tasks.o(i.vTaskSwitchContext)
    xPortStartScheduler                      0x0800e0c9   Thumb Code   222  port.o(i.xPortStartScheduler)
    xPortSysTickHandler                      0x0800e1bd   Thumb Code    38  port.o(i.xPortSysTickHandler)
    xQueueGenericCreateStatic                0x0800e1e9   Thumb Code   108  queue.o(i.xQueueGenericCreateStatic)
    xQueueGenericReset                       0x0800e255   Thumb Code   134  queue.o(i.xQueueGenericReset)
    xQueueGenericSend                        0x0800e2e1   Thumb Code   352  queue.o(i.xQueueGenericSend)
    xQueueGenericSendFromISR                 0x0800e445   Thumb Code   190  queue.o(i.xQueueGenericSendFromISR)
    xQueueReceive                            0x0800e505   Thumb Code   310  queue.o(i.xQueueReceive)
    xTaskCheckForTimeOut                     0x0800e641   Thumb Code   140  tasks.o(i.xTaskCheckForTimeOut)
    xTaskCreate                              0x0800e6d1   Thumb Code   100  tasks.o(i.xTaskCreate)
    xTaskCreateStatic                        0x0800e735   Thumb Code    92  tasks.o(i.xTaskCreateStatic)
    xTaskGetSchedulerState                   0x0800e791   Thumb Code    24  tasks.o(i.xTaskGetSchedulerState)
    xTaskGetTickCount                        0x0800e7ad   Thumb Code     6  tasks.o(i.xTaskGetTickCount)
    xTaskIncrementTick                       0x0800e7b9   Thumb Code   196  tasks.o(i.xTaskIncrementTick)
    xTaskPriorityDisinherit                  0x0800e885   Thumb Code   144  tasks.o(i.xTaskPriorityDisinherit)
    xTaskRemoveFromEventList                 0x0800e91d   Thumb Code   114  tasks.o(i.xTaskRemoveFromEventList)
    xTaskResumeAll                           0x0800e999   Thumb Code   192  tasks.o(i.xTaskResumeAll)
    xTimerCreateTimerTask                    0x0800ea65   Thumb Code    86  timers.o(i.xTimerCreateTimerTask)
    xTimerGenericCommand                     0x0800eacd   Thumb Code   104  timers.o(i.xTimerGenericCommand)
    AHBPrescTable                            0x0800ec04   Data          16  system_stm32f4xx.o(.constdata)
    APBPrescTable                            0x0800ec14   Data           8  system_stm32f4xx.o(.constdata)
    xb                                       0x0800ec1c   Data          12  ins_task.o(.constdata)
    yb                                       0x0800ec28   Data          12  ins_task.o(.constdata)
    zb                                       0x0800ec34   Data          12  ins_task.o(.constdata)
    wCRC_Table                               0x0800ec4c   Data         512  crc.o(.constdata)
    CRC8_TAB                                 0x0800ee4c   Data         256  crc.o(.constdata)
    IMU_QuaternionEKF_F                      0x0800ef4c   Data         144  quaternionekf.o(.constdata)
    Region$$Table$$Base                      0x0800f8f4   Number         0  anon$$obj.o(Region$$Table)
    Region$$Table$$Limit                     0x0800f914   Number         0  anon$$obj.o(Region$$Table)
    num                                      0x20000000   Data           4  stm32f4xx_it.o(.data)
    imuTaskHandle                            0x20000004   Data           4  freertos.o(.data)
    RC_Control_handle                        0x20000008   Data           4  freertos.o(.data)
    SelfcheckTask_handle                     0x2000000c   Data           4  freertos.o(.data)
    ActionControl_task_handle                0x20000010   Data           4  freertos.o(.data)
    GimbalTask_handle                        0x20000014   Data           4  freertos.o(.data)
    ShootTask_handle                         0x20000018   Data           4  freertos.o(.data)
    JudgeReceive_task_handle                 0x2000001c   Data           4  freertos.o(.data)
    uwTickFreq                               0x20000020   Data           1  stm32f4xx_hal.o(.data)
    uwTickPrio                               0x20000024   Data           4  stm32f4xx_hal.o(.data)
    uwTick                                   0x20000028   Data           4  stm32f4xx_hal.o(.data)
    SystemCoreClock                          0x2000002c   Data           4  system_stm32f4xx.o(.data)
    pxCurrentTCB                             0x20000030   Data           4  tasks.o(.data)
    q_rising_flag                            0x200000a4   Data           2  actioncontrol_task.o(.data)
    w_rising_flag                            0x200000a6   Data           2  actioncontrol_task.o(.data)
    e_rising_flag                            0x200000a8   Data           2  actioncontrol_task.o(.data)
    r_rising_flag                            0x200000aa   Data           2  actioncontrol_task.o(.data)
    a_rising_flag                            0x200000ac   Data           2  actioncontrol_task.o(.data)
    s_rising_flag                            0x200000ae   Data           2  actioncontrol_task.o(.data)
    d_rising_flag                            0x200000b0   Data           2  actioncontrol_task.o(.data)
    f_rising_flag                            0x200000b2   Data           2  actioncontrol_task.o(.data)
    g_rising_flag                            0x200000b4   Data           2  actioncontrol_task.o(.data)
    z_rising_flag                            0x200000b6   Data           2  actioncontrol_task.o(.data)
    x_rising_flag                            0x200000b8   Data           2  actioncontrol_task.o(.data)
    c_rising_flag                            0x200000ba   Data           2  actioncontrol_task.o(.data)
    v_rising_flag                            0x200000bc   Data           2  actioncontrol_task.o(.data)
    b_rising_flag                            0x200000be   Data           2  actioncontrol_task.o(.data)
    shift_rising_flag                        0x200000c0   Data           2  actioncontrol_task.o(.data)
    ctrl_rising_flag                         0x200000c2   Data           2  actioncontrol_task.o(.data)
    mouse_Press_l_rising_flag                0x200000c4   Data           2  actioncontrol_task.o(.data)
    mouse_Press_r_rising_flag                0x200000c6   Data           2  actioncontrol_task.o(.data)
    Gimbal_Init                              0x200000c8   Data           2  gimbal_task.o(.data)
    test                                     0x200000ca   Data           2  gimbal_task.o(.data)
    YawCurrent                               0x200000ce   Data           2  gimbal_task.o(.data)
    PitchCurrent                             0x200000d0   Data           2  gimbal_task.o(.data)
    lastState                                0x200000d2   Data           2  gimbal_task.o(.data)
    yaw_RC_sensitivity                       0x200000d4   Data           4  gimbal_task.o(.data)
    pitch_RC_sensitivity                     0x200000d8   Data           4  gimbal_task.o(.data)
    yaw_RC_sensitivity_motor                 0x200000dc   Data           4  gimbal_task.o(.data)
    pitch_RC_sensitivity_motor               0x200000e0   Data           4  gimbal_task.o(.data)
    yaw_PC_Mouse_sensitivity                 0x200000e4   Data           4  gimbal_task.o(.data)
    pitch_PC_Mouse_sensitivity               0x200000e8   Data           4  gimbal_task.o(.data)
    a                                        0x200000ec   Data           4  gimbal_task.o(.data)
    Grativity                                0x200000f0   Data           4  gimbal_task.o(.data)
    p1                                       0x200000f4   Data           4  gimbal_task.o(.data)
    p2                                       0x200000f8   Data           4  gimbal_task.o(.data)
    p3                                       0x200000fc   Data           4  gimbal_task.o(.data)
    p4                                       0x20000100   Data           4  gimbal_task.o(.data)
    p5                                       0x20000104   Data           4  gimbal_task.o(.data)
    GimbalYawPos                             0x20000128   Data           4  gimbal_task.o(.data)
    GimbalPitchPos                           0x2000012c   Data           4  gimbal_task.o(.data)
    testpitch                                0x20000130   Data           4  gimbal_task.o(.data)
    testyaw                                  0x20000134   Data           4  gimbal_task.o(.data)
    yaw_PC_Keyboard_sensitivity              0x20000138   Data           4  gimbal_task.o(.data)
    pitch_PC_Keyboard_sensitivity            0x2000013c   Data           4  gimbal_task.o(.data)
    yaw_PC_Keyboard_sensitivity_motor        0x20000140   Data           4  gimbal_task.o(.data)
    pitch_PC_Keyboard_sensitivity_motor      0x20000144   Data           4  gimbal_task.o(.data)
    psc                                      0x20000148   Data           2  ins_task.o(.data)
    pwm                                      0x2000014a   Data           2  ins_task.o(.data)
    INS_Gyro_y                               0x2000014c   Data           4  ins_task.o(.data)
    INS_Gyro_x                               0x20000150   Data           4  ins_task.o(.data)
    INS_Gyro_z                               0x20000154   Data           4  ins_task.o(.data)
    Last_INS_Gyro_y                          0x20000158   Data           4  ins_task.o(.data)
    Last_INS_Gyro_z                          0x2000015c   Data           4  ins_task.o(.data)
    INS_DWT_Count                            0x20000160   Data           4  ins_task.o(.data)
    RefTemp                                  0x2000016c   Data           4  ins_task.o(.data)
    yaw_bais                                 0x20000170   Data           4  ins_task.o(.data)
    Gyro_Threhold                            0x20000174   Data           4  ins_task.o(.data)
    p                                        0x20000178   Data           4  ins_task.o(.data)
    r                                        0x2000017c   Data           4  ins_task.o(.data)
    RemoteRecive_flag                        0x200001b8   Data           2  remotecontrol_task.o(.data)
    shoot_flag                               0x200001c0   Data           1  shoot_task.o(.data)
    FrictionWheel_speed_stable1              0x200001c8   Data           2  shoot_task.o(.data)
    FrictionWheel_speed_stable2              0x200001ca   Data           2  shoot_task.o(.data)
    friction_speed_last                      0x200001cc   Data           4  shoot_task.o(.data)
    new_value                                0x200001d0   Data           4  shoot_task.o(.data)
    old_value                                0x200001d4   Data           4  shoot_task.o(.data)
    pluckCurrent                             0x200001f0   Data           4  shoot_task.o(.data)
    frimition0Current                        0x200001f4   Data           4  shoot_task.o(.data)
    frimition1Current                        0x200001f8   Data           4  shoot_task.o(.data)
    If_Game_Start                            0x200001fc   Data           1  judgereceive_task.o(.data)
    Pack_Point                               0x200001fe   Data           2  judgereceive_task.o(.data)
    pass_head_flag                           0x20000200   Data           2  judgereceive_task.o(.data)
    crc_sum                                  0x20000204   Data           4  judgereceive_task.o(.data)
    crc_err_sum                              0x20000208   Data           4  judgereceive_task.o(.data)
    crc_sum_16                               0x2000020c   Data           4  judgereceive_task.o(.data)
    crc_err_sum_16                           0x20000210   Data           4  judgereceive_task.o(.data)
    err_ratio                                0x20000214   Data           4  judgereceive_task.o(.data)
    err_ratio_16                             0x20000218   Data           4  judgereceive_task.o(.data)
    JudgeData_ForSend1                       0x2000021c   Data           8  judgereceive_task.o(.data)
    JudgeData_ForSend2                       0x20000224   Data           8  judgereceive_task.o(.data)
    time                                     0x2000022c   Data           4  bsp_can.o(.data)
    lasttime                                 0x20000230   Data           4  bsp_can.o(.data)
    interval                                 0x20000234   Data           4  bsp_can.o(.data)
    USBD_CDC                                 0x20000294   Data          56  usbd_cdc.o(.data)
    SysTime                                  0x20000300   Data           8  bsp_dwt.o(.data)
    CYCCNT64                                 0x20000308   Data           8  bsp_dwt.o(.data)
    USBD_Interface_fops_FS                   0x20000310   Data          20  usbd_cdc_if.o(.data)
    CRC_INIT                                 0x20000324   Data           2  crc.o(.data)
    sss                                      0x20000326   Data           2  crc.o(.data)
    sizeof_float                             0x2000033c   Data           2  kalman_filter.o(.data)
    sizeof_double                            0x2000033e   Data           2  kalman_filter.o(.data)
    IMU_QuaternionEKF_P                      0x20000384   Data         144  quaternionekf.o(.data)
    DMAsendflag                              0x20000418   Data           1  usart.o(.data)
    JudgeReveice_Flag                        0x20000419   Data           1  usart.o(.data)
    Receive_Judge_Date_Len                   0x2000041a   Data           2  usart.o(.data)
    FS_Desc                                  0x2000041c   Data          28  usbd_desc.o(.data)
    USBD_LangIDDesc                          0x20000438   Data           4  usbd_desc.o(.data)
    USBD_FS_DeviceDesc                       0x2000043c   Data          18  usbd_desc.o(.data)
    USBD_StringSerial                        0x20000450   Data          26  usbd_desc.o(.data)
    caliOffset                               0x2000046f   Data           1  bmi088driver.o(.data)
    caliCount                                0x20000470   Data           2  bmi088driver.o(.data)
    BMI088_ACCEL_SEN                         0x20000478   Data           4  bmi088driver.o(.data)
    BMI088_GYRO_SEN                          0x2000047c   Data           4  bmi088driver.o(.data)
    gNormDiff                                0x20000484   Data           4  bmi088driver.o(.data)
    BMI088_SPI                               0x20000488   Data           4  bmi088driver.o(.data)
    last_shoot_flag                          0x200004c8   Data           2  pc_serial.o(.data)
    i                                        0x200004ca   Data           2  pc_serial.o(.data)
    i1                                       0x200004cc   Data           2  pc_serial.o(.data)
    pc_yaw                                   0x200004d0   Data           4  pc_serial.o(.data)
    __microlib_freelist                      0x200004d4   Data           4  mvars.o(.data)
    __microlib_freelist_initialised          0x200004d8   Data           4  mvars.o(.data)
    xQueueRegistry                           0x20000b88   Data          64  queue.o(.bss)
    rc_ctrl_last                             0x20006dc8   Data          57  actioncontrol_task.o(.bss)
    wave                                     0x20006e04   Data          88  gimbal_task.o(.bss)
    pitchfilter                              0x20006e5c   Data          44  gimbal_task.o(.bss)
    yawfilter                                0x20006e88   Data          44  gimbal_task.o(.bss)
    TempCtrl                                 0x20006eb4   Data         170  ins_task.o(.bss)
    INS                                      0x20006f60   Data         172  ins_task.o(.bss)
    IMU_Param                                0x2000700c   Data          28  ins_task.o(.bss)
    RC_Ctl                                   0x20007028   Data          57  remotecontrol_task.o(.bss)
    droneState                               0x200070aa   Data          12  selfcheck_task.o(.bss)
    Referee_All_Data                         0x200070b8   Data         129  judgereceive_task.o(.bss)
    Test_Judge_Receive_Fre                   0x2000733c   Data          88  judgereceive_task.o(.bss)
    hpcd_USB_OTG_FS                          0x200075b4   Data        1292  usbd_conf.o(.bss)
    UserRxBufferFS                           0x20007ac0   Data        2048  usbd_cdc_if.o(.bss)
    UserTxBufferFS                           0x200082c0   Data        2048  usbd_cdc_if.o(.bss)
    q                                        0x20008ac0   Data          16  quaternionekf.o(.bss)
    QEKF_INS                                 0x20008ad0   Data         480  quaternionekf.o(.bss)
    IMU_QuaternionEKF_K                      0x20008cb0   Data          72  quaternionekf.o(.bss)
    IMU_QuaternionEKF_H                      0x20008cf8   Data          72  quaternionekf.o(.bss)
    hcan1                                    0x20008d40   Data          40  can.o(.bss)
    hcan2                                    0x20008d68   Data          40  can.o(.bss)
    hi2c3                                    0x20008d90   Data          84  i2c.o(.bss)
    hspi1                                    0x20008de4   Data          88  spi.o(.bss)
    hdma_spi1_rx                             0x20008e3c   Data          96  spi.o(.bss)
    hdma_spi1_tx                             0x20008e9c   Data          96  spi.o(.bss)
    htim2                                    0x20008efc   Data          64  tim.o(.bss)
    htim3                                    0x20008f3c   Data          64  tim.o(.bss)
    htim4                                    0x20008f7c   Data          64  tim.o(.bss)
    htim5                                    0x20008fbc   Data          64  tim.o(.bss)
    htim10                                   0x20008ffc   Data          64  tim.o(.bss)
    JudgeReceiveBuffer                       0x2000903c   Data         256  usart.o(.bss)
    JudgeReceiveBuffer_1                     0x2000913c   Data         256  usart.o(.bss)
    huart3                                   0x2000923c   Data          64  usart.o(.bss)
    hdma_usart3_rx                           0x2000927c   Data          96  usart.o(.bss)
    huart6                                   0x200092dc   Data          64  usart.o(.bss)
    hdma_usart6_rx                           0x2000931c   Data          96  usart.o(.bss)
    hdma_usart6_tx                           0x2000937c   Data          96  usart.o(.bss)
    hUsbDeviceFS                             0x200093dc   Data         732  usb_device.o(.bss)
    USBD_StrDesc                             0x200096b8   Data         512  usbd_desc.o(.bss)
    gyroDiff                                 0x200098b8   Data          12  bmi088driver.o(.bss)
    BMI088                                   0x200098c4   Data          52  bmi088driver.o(.bss)
    IMUReceive                               0x200098f8   Data          32  bmi088driver.o(.bss)
    yaw                                      0x20009918   Data         644  motor.o(.bss)
    pitch                                    0x20009b9c   Data         644  motor.o(.bss)
    pluck                                    0x20009e20   Data         308  motor.o(.bss)
    frimition                                0x20009f54   Data         616  motor.o(.bss)
    SendToPC_Buff                            0x2000a1bc   Data          11  pc_serial.o(.bss)
    PC_Recv                                  0x2000a1c7   Data          11  pc_serial.o(.bss)
    PC_send_data                             0x2000a1d2   Data          11  pc_serial.o(.bss)
    PCbuffer                                 0x2000a1dd   Data          11  pc_serial.o(.bss)
    __heap_base                              0x2000a1e8   Data           0  startup_stm32f407xx.o(HEAP)
    __heap_limit                             0x2000a9e8   Data           0  startup_stm32f407xx.o(HEAP)
    __initial_sp                             0x2000ade8   Data           0  startup_stm32f407xx.o(STACK)



==============================================================================

Memory Map of the image

  Image Entry point : 0x08000189

  Load Region LR_IROM1 (Base: 0x08000000, Size: 0x0000fdf4, Max: 0x00100000, ABSOLUTE, COMPRESSED[0x0000fa7c])

    Execution Region ER_IROM1 (Base: 0x08000000, Size: 0x0000f914, Max: 0x00100000, ABSOLUTE)

    Base Addr    Size         Type   Attr      Idx    E Section Name        Object

    0x08000000   0x00000188   Data   RO            3    RESET               startup_stm32f407xx.o
    0x08000188   0x00000000   Code   RO         9668  * .ARM.Collect$$$$00000000  mc_w.l(entry.o)
    0x08000188   0x00000004   Code   RO         9765    .ARM.Collect$$$$00000001  mc_w.l(entry2.o)
    0x0800018c   0x00000004   Code   RO         9768    .ARM.Collect$$$$00000004  mc_w.l(entry5.o)
    0x08000190   0x00000000   Code   RO         9770    .ARM.Collect$$$$00000008  mc_w.l(entry7b.o)
    0x08000190   0x00000000   Code   RO         9772    .ARM.Collect$$$$0000000A  mc_w.l(entry8b.o)
    0x08000190   0x00000008   Code   RO         9773    .ARM.Collect$$$$0000000B  mc_w.l(entry9a.o)
    0x08000198   0x00000000   Code   RO         9775    .ARM.Collect$$$$0000000D  mc_w.l(entry10a.o)
    0x08000198   0x00000000   Code   RO         9777    .ARM.Collect$$$$0000000F  mc_w.l(entry11a.o)
    0x08000198   0x00000004   Code   RO         9766    .ARM.Collect$$$$00002712  mc_w.l(entry2.o)
    0x0800019c   0x000000be   Code   RO         6157    .emb_text           port.o
    0x0800025a   0x00000002   PAD
    0x0800025c   0x00000024   Code   RO            4    .text               startup_stm32f407xx.o
    0x08000280   0x000000d8   Code   RO         9419    .text               arm_cortexM4lf_math.lib(arm_cos_f32.o)
    0x08000358   0x000000d8   Code   RO         9466    .text               arm_cortexM4lf_math.lib(arm_sin_f32.o)
    0x08000430   0x00000100   Code   RO         9488    .text               arm_cortexM4lf_math.lib(arm_mat_add_f32.o)
    0x08000530   0x00000008   Code   RO         9508    .text               arm_cortexM4lf_math.lib(arm_mat_init_f32.o)
    0x08000538   0x00000500   Code   RO         9528    .text               arm_cortexM4lf_math.lib(arm_mat_inverse_f32.o)
    0x08000a38   0x000000f8   Code   RO         9548    .text               arm_cortexM4lf_math.lib(arm_mat_mult_f32.o)
    0x08000b30   0x00000100   Code   RO         9568    .text               arm_cortexM4lf_math.lib(arm_mat_sub_f32.o)
    0x08000c30   0x00000098   Code   RO         9588    .text               arm_cortexM4lf_math.lib(arm_mat_trans_f32.o)
    0x08000cc8   0x00000062   Code   RO         9671    .text               mc_w.l(uldiv.o)
    0x08000d2a   0x00000024   Code   RO         9673    .text               mc_w.l(memcpya.o)
    0x08000d4e   0x00000024   Code   RO         9677    .text               mc_w.l(memseta.o)
    0x08000d72   0x0000014e   Code   RO         9711    .text               mf_w.l(dadd.o)
    0x08000ec0   0x000000e4   Code   RO         9713    .text               mf_w.l(dmul.o)
    0x08000fa4   0x000000de   Code   RO         9715    .text               mf_w.l(ddiv.o)
    0x08001082   0x00000022   Code   RO         9717    .text               mf_w.l(dflti.o)
    0x080010a4   0x00000026   Code   RO         9721    .text               mf_w.l(f2d.o)
    0x080010ca   0x00000038   Code   RO         9723    .text               mf_w.l(d2f.o)
    0x08001102   0x0000001e   Code   RO         9779    .text               mc_w.l(llshl.o)
    0x08001120   0x00000020   Code   RO         9781    .text               mc_w.l(llushr.o)
    0x08001140   0x00000024   Code   RO         9783    .text               mc_w.l(llsshr.o)
    0x08001164   0x00000000   Code   RO         9794    .text               mc_w.l(iusefp.o)
    0x08001164   0x0000006e   Code   RO         9795    .text               mf_w.l(fepilogue.o)
    0x080011d2   0x000000ba   Code   RO         9797    .text               mf_w.l(depilogue.o)
    0x0800128c   0x00000024   Code   RO         9801    .text               mc_w.l(init.o)
    0x080012b0   0x00000056   Code   RO         9811    .text               mc_w.l(__dczerorl2.o)
    0x08001306   0x00000002   PAD
    0x08001308   0x0000003c   Code   RO         6237    i.ActionControl_task  actioncontrol_task.o
    0x08001344   0x000000cc   Code   RO         6300    i.AutoGimbal        gimbal_task.o
    0x08001410   0x00000002   Code   RO         6802    i.AutoShoot         shoot_task.o
    0x08001412   0x00000002   PAD
    0x08001414   0x00000010   Code   RO         9145    i.BMI088_ACCEL_NS_H  bmi088middleware.o
    0x08001424   0x00000010   Code   RO         9146    i.BMI088_ACCEL_NS_L  bmi088middleware.o
    0x08001434   0x00000010   Code   RO         9148    i.BMI088_GYRO_NS_H  bmi088middleware.o
    0x08001444   0x00000010   Code   RO         9149    i.BMI088_GYRO_NS_L  bmi088middleware.o
    0x08001454   0x000001bc   Code   RO         9076    i.BMI088_Read       bmi088driver.o
    0x08001610   0x00000080   Code   RO         9077    i.BMI088_init       bmi088driver.o
    0x08001690   0x00000024   Code   RO         9078    i.BMI088_read_muli_reg  bmi088driver.o
    0x080016b4   0x00000016   Code   RO         9079    i.BMI088_read_single_reg  bmi088driver.o
    0x080016ca   0x00000002   PAD
    0x080016cc   0x00000020   Code   RO         9153    i.BMI088_read_write_byte  bmi088middleware.o
    0x080016ec   0x00000012   Code   RO         9080    i.BMI088_write_single_reg  bmi088driver.o
    0x080016fe   0x00000002   PAD
    0x08001700   0x0000007c   Code   RO           13    i.BSP_Init          main.o
    0x0800177c   0x000000ea   Code   RO         6400    i.BodyFrameToEarthFrame  ins_task.o
    0x08001866   0x00000002   Code   RO          379    i.BusFault_Handler  stm32f4xx_it.o
    0x08001868   0x0000000c   Code   RO          380    i.CAN1_RX0_IRQHandler  stm32f4xx_it.o
    0x08001874   0x0000000c   Code   RO          381    i.CAN1_RX1_IRQHandler  stm32f4xx_it.o
    0x08001880   0x0000000c   Code   RO          382    i.CAN1_TX_IRQHandler  stm32f4xx_it.o
    0x0800188c   0x0000000c   Code   RO          383    i.CAN2_RX0_IRQHandler  stm32f4xx_it.o
    0x08001898   0x0000000c   Code   RO          384    i.CAN2_RX1_IRQHandler  stm32f4xx_it.o
    0x080018a4   0x0000000c   Code   RO          385    i.CAN2_TX_IRQHandler  stm32f4xx_it.o
    0x080018b0   0x00000008   Code   RO         7831    i.CDC_Control_FS    usbd_cdc_if.o
    0x080018b8   0x00000004   Code   RO         7832    i.CDC_DeInit_FS     usbd_cdc_if.o
    0x080018bc   0x00000024   Code   RO         7833    i.CDC_Init_FS       usbd_cdc_if.o
    0x080018e0   0x00000030   Code   RO         7834    i.CDC_Receive_FS    usbd_cdc_if.o
    0x08001910   0x00000004   Code   RO         7835    i.CDC_TransmitCplt_FS  usbd_cdc_if.o
    0x08001914   0x0000002c   Code   RO         7836    i.CDC_Transmit_FS   usbd_cdc_if.o
    0x08001940   0x000003fc   Code   RO         9081    i.Calibrate_MPU_Offset  bmi088driver.o
    0x08001d3c   0x00000058   Code   RO         6238    i.ChangeMode        actioncontrol_task.o
    0x08001d94   0x00000154   Code   RO         6239    i.Change_Sensitivity  actioncontrol_task.o
    0x08001ee8   0x0000000c   Code   RO          386    i.DMA2_Stream1_IRQHandler  stm32f4xx_it.o
    0x08001ef4   0x0000000c   Code   RO          387    i.DMA2_Stream6_IRQHandler  stm32f4xx_it.o
    0x08001f00   0x0000002c   Code   RO         1366    i.DMA_CalcBaseAndBitshift  stm32f4xx_hal_dma.o
    0x08001f2c   0x00000078   Code   RO         1367    i.DMA_CheckFifoParam  stm32f4xx_hal_dma.o
    0x08001fa4   0x0000002a   Code   RO         1368    i.DMA_SetConfig     stm32f4xx_hal_dma.o
    0x08001fce   0x00000002   PAD
    0x08001fd0   0x00000028   Code   RO         7718    i.DWT_CNT_Update    bsp_dwt.o
    0x08001ff8   0x00000034   Code   RO         7719    i.DWT_Delay         bsp_dwt.o
    0x0800202c   0x00000048   Code   RO         7720    i.DWT_GetDeltaT     bsp_dwt.o
    0x08002074   0x00000044   Code   RO         7723    i.DWT_GetTimeline_s  bsp_dwt.o
    0x080020b8   0x00000048   Code   RO         7725    i.DWT_Init          bsp_dwt.o
    0x08002100   0x00000090   Code   RO         7726    i.DWT_SysTimeUpdate  bsp_dwt.o
    0x08002190   0x00000134   Code   RO         6302    i.Data_choose       gimbal_task.o
    0x080022c4   0x00000002   Code   RO          388    i.DebugMon_Handler  stm32f4xx_it.o
    0x080022c6   0x00000006   Code   RO          389    i.EXTI0_IRQHandler  stm32f4xx_it.o
    0x080022cc   0x00000006   Code   RO          390    i.EXTI3_IRQHandler  stm32f4xx_it.o
    0x080022d2   0x00000006   Code   RO          391    i.EXTI4_IRQHandler  stm32f4xx_it.o
    0x080022d8   0x00000006   Code   RO          392    i.EXTI9_5_IRQHandler  stm32f4xx_it.o
    0x080022de   0x000000ea   Code   RO         6401    i.EarthFrameToBodyFrame  ins_task.o
    0x080023c8   0x00000004   Code   RO           14    i.Error_Handler     main.o
    0x080023cc   0x00000060   Code   RO         8029    i.FeedForward_Cal   feedforward.o
    0x0800242c   0x00000038   Code   RO         9334    i.GM6020_Send_can1  motor.o
    0x08002464   0x00000034   Code   RO         9049    i.GetDeltaT         counter.o
    0x08002498   0x00000030   Code   RO         7972    i.Get_CRC16_Check_Sum  crc.o
    0x080024c8   0x0000001c   Code   RO         7973    i.Get_CRC8_Check_Sum  crc.o
    0x080024e4   0x00000038   Code   RO         8971    i.Get_SerialNum     usbd_desc.o
    0x0800251c   0x00000080   Code   RO         8348    i.Get_ZeroCheck_Value_Interface  zerocheck.o
    0x0800259c   0x0000007c   Code   RO         6303    i.GimbalTask        gimbal_task.o
    0x08002618   0x00000024   Code   RO          629    i.HAL_CAN_ActivateNotification  stm32f4xx_hal_can.o
    0x0800263c   0x000000f2   Code   RO          630    i.HAL_CAN_AddTxMessage  stm32f4xx_hal_can.o
    0x0800272e   0x00000002   PAD
    0x08002730   0x00000110   Code   RO          631    i.HAL_CAN_ConfigFilter  stm32f4xx_hal_can.o
    0x08002840   0x00000002   Code   RO          634    i.HAL_CAN_ErrorCallback  stm32f4xx_hal_can.o
    0x08002842   0x00000104   Code   RO          637    i.HAL_CAN_GetRxMessage  stm32f4xx_hal_can.o
    0x08002946   0x000001fc   Code   RO          641    i.HAL_CAN_IRQHandler  stm32f4xx_hal_can.o
    0x08002b42   0x00000152   Code   RO          642    i.HAL_CAN_Init      stm32f4xx_hal_can.o
    0x08002c94   0x00000140   Code   RO         8624    i.HAL_CAN_MspInit   can.o
    0x08002dd4   0x00000002   Code   RO          649    i.HAL_CAN_RxFifo0FullCallback  stm32f4xx_hal_can.o
    0x08002dd6   0x00000002   PAD
    0x08002dd8   0x000000f4   Code   RO         6924    i.HAL_CAN_RxFifo0MsgPendingCallback  bsp_can.o
    0x08002ecc   0x00000002   Code   RO          651    i.HAL_CAN_RxFifo1FullCallback  stm32f4xx_hal_can.o
    0x08002ece   0x00000002   PAD
    0x08002ed0   0x0000012c   Code   RO         6925    i.HAL_CAN_RxFifo1MsgPendingCallback  bsp_can.o
    0x08002ffc   0x00000002   Code   RO          653    i.HAL_CAN_SleepCallback  stm32f4xx_hal_can.o
    0x08002ffe   0x00000058   Code   RO          654    i.HAL_CAN_Start     stm32f4xx_hal_can.o
    0x08003056   0x00000002   Code   RO          656    i.HAL_CAN_TxMailbox0AbortCallback  stm32f4xx_hal_can.o
    0x08003058   0x00000002   Code   RO          657    i.HAL_CAN_TxMailbox0CompleteCallback  stm32f4xx_hal_can.o
    0x0800305a   0x00000002   Code   RO          658    i.HAL_CAN_TxMailbox1AbortCallback  stm32f4xx_hal_can.o
    0x0800305c   0x00000002   Code   RO          659    i.HAL_CAN_TxMailbox1CompleteCallback  stm32f4xx_hal_can.o
    0x0800305e   0x00000002   Code   RO          660    i.HAL_CAN_TxMailbox2AbortCallback  stm32f4xx_hal_can.o
    0x08003060   0x00000002   Code   RO          661    i.HAL_CAN_TxMailbox2CompleteCallback  stm32f4xx_hal_can.o
    0x08003062   0x00000002   Code   RO          663    i.HAL_CAN_WakeUpFromRxMsgCallback  stm32f4xx_hal_can.o
    0x08003064   0x0000008e   Code   RO         1369    i.HAL_DMA_Abort     stm32f4xx_hal_dma.o
    0x080030f2   0x00000024   Code   RO         1370    i.HAL_DMA_Abort_IT  stm32f4xx_hal_dma.o
    0x08003116   0x00000002   PAD
    0x08003118   0x000001d0   Code   RO         1374    i.HAL_DMA_IRQHandler  stm32f4xx_hal_dma.o
    0x080032e8   0x000000d4   Code   RO         1375    i.HAL_DMA_Init      stm32f4xx_hal_dma.o
    0x080033bc   0x00000046   Code   RO         1378    i.HAL_DMA_Start     stm32f4xx_hal_dma.o
    0x08003402   0x00000002   PAD
    0x08003404   0x00000024   Code   RO         1788    i.HAL_Delay         stm32f4xx_hal.o
    0x08003428   0x00000002   Code   RO         1260    i.HAL_GPIO_EXTI_Callback  stm32f4xx_hal_gpio.o
    0x0800342a   0x00000002   PAD
    0x0800342c   0x00000018   Code   RO         1261    i.HAL_GPIO_EXTI_IRQHandler  stm32f4xx_hal_gpio.o
    0x08003444   0x000001c4   Code   RO         1262    i.HAL_GPIO_Init     stm32f4xx_hal_gpio.o
    0x08003608   0x0000000e   Code   RO         1266    i.HAL_GPIO_WritePin  stm32f4xx_hal_gpio.o
    0x08003616   0x00000002   PAD
    0x08003618   0x0000000c   Code   RO         1794    i.HAL_GetTick       stm32f4xx_hal.o
    0x08003624   0x00000184   Code   RO         2047    i.HAL_I2C_Init      stm32f4xx_hal_i2c.o
    0x080037a8   0x00000094   Code   RO         8721    i.HAL_I2C_MspInit   i2c.o
    0x0800383c   0x00000010   Code   RO         1800    i.HAL_IncTick       stm32f4xx_hal.o
    0x0800384c   0x00000034   Code   RO         1801    i.HAL_Init          stm32f4xx_hal.o
    0x08003880   0x00000044   Code   RO         1802    i.HAL_InitTick      stm32f4xx_hal.o
    0x080038c4   0x00000038   Code   RO          546    i.HAL_MspInit       stm32f4xx_hal_msp.o
    0x080038fc   0x0000001a   Code   RO         1651    i.HAL_NVIC_EnableIRQ  stm32f4xx_hal_cortex.o
    0x08003916   0x00000002   PAD
    0x08003918   0x00000040   Code   RO         1657    i.HAL_NVIC_SetPriority  stm32f4xx_hal_cortex.o
    0x08003958   0x00000024   Code   RO         1658    i.HAL_NVIC_SetPriorityGrouping  stm32f4xx_hal_cortex.o
    0x0800397c   0x00000002   Code   RO         4352    i.HAL_PCDEx_LPM_Callback  stm32f4xx_hal_pcd_ex.o
    0x0800397e   0x00000008   Code   RO         4353    i.HAL_PCDEx_SetRxFiFo  stm32f4xx_hal_pcd_ex.o
    0x08003986   0x00000042   Code   RO         4354    i.HAL_PCDEx_SetTxFiFo  stm32f4xx_hal_pcd_ex.o
    0x080039c8   0x00000008   Code   RO         7067    i.HAL_PCD_ConnectCallback  usbd_conf.o
    0x080039d0   0x00000012   Code   RO         7068    i.HAL_PCD_DataInStageCallback  usbd_conf.o
    0x080039e2   0x00000014   Code   RO         7069    i.HAL_PCD_DataOutStageCallback  usbd_conf.o
    0x080039f6   0x00000008   Code   RO         7070    i.HAL_PCD_DisconnectCallback  usbd_conf.o
    0x080039fe   0x0000001e   Code   RO         4117    i.HAL_PCD_EP_Abort  stm32f4xx_hal_pcd.o
    0x08003a1c   0x00000048   Code   RO         4118    i.HAL_PCD_EP_Close  stm32f4xx_hal_pcd.o
    0x08003a64   0x00000058   Code   RO         4119    i.HAL_PCD_EP_ClrStall  stm32f4xx_hal_pcd.o
    0x08003abc   0x00000012   Code   RO         4121    i.HAL_PCD_EP_GetRxCount  stm32f4xx_hal_pcd.o
    0x08003ace   0x0000005c   Code   RO         4122    i.HAL_PCD_EP_Open   stm32f4xx_hal_pcd.o
    0x08003b2a   0x00000042   Code   RO         4123    i.HAL_PCD_EP_Receive  stm32f4xx_hal_pcd.o
    0x08003b6c   0x00000070   Code   RO         4124    i.HAL_PCD_EP_SetStall  stm32f4xx_hal_pcd.o
    0x08003bdc   0x00000042   Code   RO         4125    i.HAL_PCD_EP_Transmit  stm32f4xx_hal_pcd.o
    0x08003c1e   0x0000050a   Code   RO         4127    i.HAL_PCD_IRQHandler  stm32f4xx_hal_pcd.o
    0x08004128   0x00000008   Code   RO         7071    i.HAL_PCD_ISOINIncompleteCallback  usbd_conf.o
    0x08004130   0x00000008   Code   RO         7072    i.HAL_PCD_ISOOUTIncompleteCallback  usbd_conf.o
    0x08004138   0x000000e4   Code   RO         4130    i.HAL_PCD_Init      stm32f4xx_hal_pcd.o
    0x0800421c   0x00000084   Code   RO         7074    i.HAL_PCD_MspInit   usbd_conf.o
    0x080042a0   0x0000002e   Code   RO         7075    i.HAL_PCD_ResetCallback  usbd_conf.o
    0x080042ce   0x00000008   Code   RO         7076    i.HAL_PCD_ResumeCallback  usbd_conf.o
    0x080042d6   0x00000008   Code   RO         7077    i.HAL_PCD_SOFCallback  usbd_conf.o
    0x080042de   0x00000028   Code   RO         4136    i.HAL_PCD_SetAddress  stm32f4xx_hal_pcd.o
    0x08004306   0x0000000e   Code   RO         7078    i.HAL_PCD_SetupStageCallback  usbd_conf.o
    0x08004314   0x00000042   Code   RO         4139    i.HAL_PCD_Start     stm32f4xx_hal_pcd.o
    0x08004356   0x00000002   PAD
    0x08004358   0x00000030   Code   RO         7079    i.HAL_PCD_SuspendCallback  usbd_conf.o
    0x08004388   0x00000144   Code   RO          863    i.HAL_RCC_ClockConfig  stm32f4xx_hal_rcc.o
    0x080044cc   0x0000000c   Code   RO          868    i.HAL_RCC_GetHCLKFreq  stm32f4xx_hal_rcc.o
    0x080044d8   0x00000020   Code   RO          870    i.HAL_RCC_GetPCLK1Freq  stm32f4xx_hal_rcc.o
    0x080044f8   0x00000020   Code   RO          871    i.HAL_RCC_GetPCLK2Freq  stm32f4xx_hal_rcc.o
    0x08004518   0x0000006c   Code   RO          872    i.HAL_RCC_GetSysClockFreq  stm32f4xx_hal_rcc.o
    0x08004584   0x00000390   Code   RO          875    i.HAL_RCC_OscConfig  stm32f4xx_hal_rcc.o
    0x08004914   0x00000082   Code   RO         2527    i.HAL_SPI_Init      stm32f4xx_hal_spi.o
    0x08004996   0x00000002   PAD
    0x08004998   0x00000110   Code   RO         8763    i.HAL_SPI_MspInit   spi.o
    0x08004aa8   0x000001e4   Code   RO         2536    i.HAL_SPI_TransmitReceive  stm32f4xx_hal_spi.o
    0x08004c8c   0x00000028   Code   RO         1662    i.HAL_SYSTICK_Config  stm32f4xx_hal_cortex.o
    0x08004cb4   0x00000002   Code   RO         3526    i.HAL_TIMEx_BreakCallback  stm32f4xx_hal_tim_ex.o
    0x08004cb6   0x00000002   Code   RO         3527    i.HAL_TIMEx_CommutCallback  stm32f4xx_hal_tim_ex.o
    0x08004cb8   0x00000042   Code   RO         3544    i.HAL_TIMEx_MasterConfigSynchronization  stm32f4xx_hal_tim_ex.o
    0x08004cfa   0x00000038   Code   RO         2840    i.HAL_TIM_Base_Init  stm32f4xx_hal_tim.o
    0x08004d32   0x00000002   PAD
    0x08004d34   0x000000a8   Code   RO         8805    i.HAL_TIM_Base_MspInit  tim.o
    0x08004ddc   0x00000024   Code   RO         2843    i.HAL_TIM_Base_Start  stm32f4xx_hal_tim.o
    0x08004e00   0x0000002a   Code   RO         2848    i.HAL_TIM_Base_Stop_IT  stm32f4xx_hal_tim.o
    0x08004e2a   0x000000e2   Code   RO         2849    i.HAL_TIM_ConfigClockSource  stm32f4xx_hal_tim.o
    0x08004f0c   0x00000002   Code   RO         2869    i.HAL_TIM_IC_CaptureCallback  stm32f4xx_hal_tim.o
    0x08004f0e   0x0000016e   Code   RO         2883    i.HAL_TIM_IRQHandler  stm32f4xx_hal_tim.o
    0x0800507c   0x000000f4   Code   RO         8806    i.HAL_TIM_MspPostInit  tim.o
    0x08005170   0x00000002   Code   RO         2886    i.HAL_TIM_OC_DelayElapsedCallback  stm32f4xx_hal_tim.o
    0x08005172   0x000000da   Code   RO         2907    i.HAL_TIM_PWM_ConfigChannel  stm32f4xx_hal_tim.o
    0x0800524c   0x00000038   Code   RO         2910    i.HAL_TIM_PWM_Init  stm32f4xx_hal_tim.o
    0x08005284   0x00000002   Code   RO         2912    i.HAL_TIM_PWM_MspInit  stm32f4xx_hal_tim.o
    0x08005286   0x00000002   Code   RO         2913    i.HAL_TIM_PWM_PulseFinishedCallback  stm32f4xx_hal_tim.o
    0x08005288   0x00000044   Code   RO         2915    i.HAL_TIM_PWM_Start  stm32f4xx_hal_tim.o
    0x080052cc   0x00000002   Code   RO         2921    i.HAL_TIM_PeriodElapsedCallback  stm32f4xx_hal_tim.o
    0x080052ce   0x00000002   Code   RO         2926    i.HAL_TIM_TriggerCallback  stm32f4xx_hal_tim.o
    0x080052d0   0x00000002   Code   RO         3798    i.HAL_UART_ErrorCallback  stm32f4xx_hal_uart.o
    0x080052d2   0x00000002   PAD
    0x080052d4   0x00000064   Code   RO         8876    i.HAL_UART_IDLECallback  usart.o
    0x08005338   0x00000114   Code   RO         3801    i.HAL_UART_IRQHandler  stm32f4xx_hal_uart.o
    0x0800544c   0x00000064   Code   RO         3802    i.HAL_UART_Init     stm32f4xx_hal_uart.o
    0x080054b0   0x000001a0   Code   RO         8878    i.HAL_UART_MspInit  usart.o
    0x08005650   0x00000002   Code   RO         3808    i.HAL_UART_RxCpltCallback  stm32f4xx_hal_uart.o
    0x08005652   0x00000002   PAD
    0x08005654   0x00000018   Code   RO         8879    i.HAL_UART_TxCpltCallback  usart.o
    0x0800566c   0x000000fc   Code   RO         8384    i.H_K_R_Adjustment  kalman_filter.o
    0x08005768   0x00000002   Code   RO          393    i.HardFault_Handler  stm32f4xx_it.o
    0x0800576a   0x00000002   PAD
    0x0800576c   0x0000023c   Code   RO         6403    i.IMU_Param_Correction  ins_task.o
    0x080059a8   0x00000144   Code   RO         8464    i.IMU_QuaternionEKF_F_Linearization_P_Fading  quaternionekf.o
    0x08005aec   0x0000017c   Code   RO         8465    i.IMU_QuaternionEKF_Init  quaternionekf.o
    0x08005c68   0x00000034   Code   RO         8466    i.IMU_QuaternionEKF_Observe  quaternionekf.o
    0x08005c9c   0x000000c4   Code   RO         8467    i.IMU_QuaternionEKF_SetH  quaternionekf.o
    0x08005d60   0x000003dc   Code   RO         8468    i.IMU_QuaternionEKF_Update  quaternionekf.o
    0x0800613c   0x000003b4   Code   RO         8469    i.IMU_QuaternionEKF_xhatUpdate  quaternionekf.o
    0x080064f0   0x00000060   Code   RO         6404    i.IMU_Temperature_Ctrl  ins_task.o
    0x08006550   0x000000c0   Code   RO         6405    i.INS_Init          ins_task.o
    0x08006610   0x00000280   Code   RO         6406    i.INS_Task_EKF      ins_task.o
    0x08006890   0x000000a4   Code   RO         6408    i.INS_task          ins_task.o
    0x08006934   0x0000003a   Code   RO         8972    i.IntToUnicode      usbd_desc.o
    0x0800696e   0x00000002   PAD
    0x08006970   0x00000348   Code   RO         6886    i.JudgeDataSolve    judgereceive_task.o
    0x08006cb8   0x00000028   Code   RO         6887    i.JudgeReceive_task  judgereceive_task.o
    0x08006ce0   0x000003f8   Code   RO         8385    i.Kalman_Filter_Init  kalman_filter.o
    0x080070d8   0x00000048   Code   RO         8386    i.Kalman_Filter_Measure  kalman_filter.o
    0x08007120   0x00000062   Code   RO         8387    i.Kalman_Filter_P_Update  kalman_filter.o
    0x08007182   0x0000006c   Code   RO         8388    i.Kalman_Filter_PminusUpdate  kalman_filter.o
    0x080071ee   0x000000be   Code   RO         8389    i.Kalman_Filter_SetK  kalman_filter.o
    0x080072ac   0x000000e8   Code   RO         8390    i.Kalman_Filter_Update  kalman_filter.o
    0x08007394   0x00000074   Code   RO         8391    i.Kalman_Filter_xhatMinusUpdate  kalman_filter.o
    0x08007408   0x00000080   Code   RO         8392    i.Kalman_Filter_xhatUpdate  kalman_filter.o
    0x08007488   0x00000024   Code   RO         6305    i.LostGimbal        gimbal_task.o
    0x080074ac   0x00000040   Code   RO         9335    i.M2006_Send_Can1   motor.o
    0x080074ec   0x00000044   Code   RO         8625    i.MX_CAN1_Init      can.o
    0x08007530   0x00000044   Code   RO         8626    i.MX_CAN2_Init      can.o
    0x08007574   0x0000007c   Code   RO         8672    i.MX_DMA_Init       dma.o
    0x080075f0   0x000000ac   Code   RO          570    i.MX_FREERTOS_Init  freertos.o
    0x0800769c   0x000002dc   Code   RO         8696    i.MX_GPIO_Init      gpio.o
    0x08007978   0x00000040   Code   RO         8722    i.MX_I2C3_Init      i2c.o
    0x080079b8   0x00000048   Code   RO         8764    i.MX_SPI1_Init      spi.o
    0x08007a00   0x00000064   Code   RO         8807    i.MX_TIM10_Init     tim.o
    0x08007a64   0x00000064   Code   RO         8808    i.MX_TIM2_Init      tim.o
    0x08007ac8   0x0000006c   Code   RO         8809    i.MX_TIM3_Init      tim.o
    0x08007b34   0x00000098   Code   RO         8810    i.MX_TIM4_Init      tim.o
    0x08007bcc   0x000000b8   Code   RO         8811    i.MX_TIM5_Init      tim.o
    0x08007c84   0x00000038   Code   RO         8880    i.MX_UART6_Init     usart.o
    0x08007cbc   0x0000003c   Code   RO         8881    i.MX_USART3_UART_Init  usart.o
    0x08007cf8   0x00000054   Code   RO         8940    i.MX_USB_DEVICE_Init  usb_device.o
    0x08007d4c   0x00000002   Code   RO          394    i.MemManage_Handler  stm32f4xx_it.o
    0x08007d4e   0x00000002   PAD
    0x08007d50   0x0000010c   Code   RO         6306    i.Motor_control     gimbal_task.o
    0x08007e5c   0x00000002   Code   RO          395    i.NMI_Handler       stm32f4xx_it.o
    0x08007e5e   0x00000002   PAD
    0x08007e60   0x000001cc   Code   RO         8206    i.OLS_Derivative    user_lib.o
    0x0800802c   0x00000044   Code   RO         8207    i.OLS_Init          user_lib.o
    0x08008070   0x0000000c   Code   RO          396    i.OTG_FS_IRQHandler  stm32f4xx_it.o
    0x0800807c   0x00000048   Code   RO         4143    i.PCD_EP_OutSetupPacket_int  stm32f4xx_hal_pcd.o
    0x080080c4   0x000000e4   Code   RO         4144    i.PCD_EP_OutXfrComplete_int  stm32f4xx_hal_pcd.o
    0x080081a8   0x0000009c   Code   RO         4145    i.PCD_WriteEmptyTxFifo  stm32f4xx_hal_pcd.o
    0x08008244   0x00000084   Code   RO         9375    i.PCReceive         pc_serial.o
    0x080082c8   0x00000090   Code   RO         8061    i.PID_Calc          pid.o
    0x08008358   0x00000280   Code   RO         7889    i.PID_Calculate     controller.o
    0x080085d8   0x0000004c   Code   RO         8063    i.PID_Concatenation_cal  pid.o
    0x08008624   0x0000006a   Code   RO         7890    i.PID_Init          controller.o
    0x0800868e   0x00000002   Code   RO         6307    i.Plane_ID_Init     gimbal_task.o
    0x08008690   0x00000014   Code   RO         6803    i.Plane_ID_Shoot_Config  shoot_task.o
    0x080086a4   0x00000044   Code   RO         6508    i.RCReceive_task    remotecontrol_task.o
    0x080086e8   0x0000006c   Code   RO         6509    i.RC_Init           remotecontrol_task.o
    0x08008754   0x000001b8   Code   RO         6308    i.RcGimbal          gimbal_task.o
    0x0800890c   0x00000094   Code   RO         6804    i.RcShoot           shoot_task.o
    0x080089a0   0x0000012c   Code   RO         6510    i.RemoteReceive     remotecontrol_task.o
    0x08008acc   0x0000005c   Code   RO         2565    i.SPI_EndRxTxTransaction  stm32f4xx_hal_spi.o
    0x08008b28   0x00000092   Code   RO         2570    i.SPI_WaitFlagStateUntilTimeout  stm32f4xx_hal_spi.o
    0x08008bba   0x0000000a   Code   RO         7555    i.SWAPBYTE          usbd_ctlreq.o
    0x08008bc4   0x0000001e   Code   RO         8532    i.SawToothInit      signalgenerator.o
    0x08008be2   0x00000002   PAD
    0x08008be4   0x0000006c   Code   RO         8533    i.SawWave           signalgenerator.o
    0x08008c50   0x00000052   Code   RO         6309    i.SecondOrderFilter  gimbal_task.o
    0x08008ca2   0x00000002   PAD
    0x08008ca4   0x00000054   Code   RO         6754    i.SelfcheckTask     selfcheck_task.o
    0x08008cf8   0x00000018   Code   RO         9376    i.SendtoPC          pc_serial.o
    0x08008d10   0x00000070   Code   RO         9377    i.SendtoPCPack      pc_serial.o
    0x08008d80   0x0000006c   Code   RO         6805    i.ShootTask         shoot_task.o
    0x08008dec   0x00000038   Code   RO         6806    i.StopShoot         shoot_task.o
    0x08008e24   0x00000018   Code   RO          397    i.SysTick_Handler   stm32f4xx_it.o
    0x08008e3c   0x00000094   Code   RO           15    i.SystemClock_Config  main.o
    0x08008ed0   0x00000054   Code   RO         4705    i.SystemInit        system_stm32f4xx.o
    0x08008f24   0x00000038   Code   RO          398    i.TIM3_IRQHandler   stm32f4xx_it.o
    0x08008f5c   0x000000cc   Code   RO         2928    i.TIM_Base_SetConfig  stm32f4xx_hal_tim.o
    0x08009028   0x0000001a   Code   RO         2929    i.TIM_CCxChannelCmd  stm32f4xx_hal_tim.o
    0x08009042   0x00000014   Code   RO         2939    i.TIM_ETR_SetConfig  stm32f4xx_hal_tim.o
    0x08009056   0x00000010   Code   RO         2940    i.TIM_ITRx_SetConfig  stm32f4xx_hal_tim.o
    0x08009066   0x00000002   PAD
    0x08009068   0x00000068   Code   RO         2941    i.TIM_OC1_SetConfig  stm32f4xx_hal_tim.o
    0x080090d0   0x00000074   Code   RO         2942    i.TIM_OC2_SetConfig  stm32f4xx_hal_tim.o
    0x08009144   0x00000070   Code   RO         2943    i.TIM_OC3_SetConfig  stm32f4xx_hal_tim.o
    0x080091b4   0x00000054   Code   RO         2944    i.TIM_OC4_SetConfig  stm32f4xx_hal_tim.o
    0x08009208   0x0000002a   Code   RO         7795    i.TIM_Set_PWM       bsp_pwm.o
    0x08009232   0x00000022   Code   RO         2946    i.TIM_TI1_ConfigInputStage  stm32f4xx_hal_tim.o
    0x08009254   0x00000024   Code   RO         2948    i.TIM_TI2_ConfigInputStage  stm32f4xx_hal_tim.o
    0x08009278   0x00000010   Code   RO         3815    i.UART_DMAAbortOnError  stm32f4xx_hal_uart.o
    0x08009288   0x0000001c   Code   RO         3825    i.UART_EndRxTransfer  stm32f4xx_hal_uart.o
    0x080092a4   0x0000001a   Code   RO         3826    i.UART_EndTransmit_IT  stm32f4xx_hal_uart.o
    0x080092be   0x0000009c   Code   RO         3828    i.UART_Receive_IT   stm32f4xx_hal_uart.o
    0x0800935a   0x00000002   PAD
    0x0800935c   0x00000314   Code   RO         3829    i.UART_SetConfig    stm32f4xx_hal_uart.o
    0x08009670   0x00000066   Code   RO         3830    i.UART_Transmit_IT  stm32f4xx_hal_uart.o
    0x080096d6   0x00000002   PAD
    0x080096d8   0x000000bc   Code   RO         6511    i.USART3_IRQHandler  remotecontrol_task.o
    0x08009794   0x00000024   Code   RO          399    i.USART6_IRQHandler  stm32f4xx_it.o
    0x080097b8   0x00000078   Code   RO         7274    i.USBD_CDC_DataIn   usbd_cdc.o
    0x08009830   0x0000003e   Code   RO         7275    i.USBD_CDC_DataOut  usbd_cdc.o
    0x0800986e   0x00000002   PAD
    0x08009870   0x00000094   Code   RO         7276    i.USBD_CDC_DeInit   usbd_cdc.o
    0x08009904   0x00000038   Code   RO         7277    i.USBD_CDC_EP0_RxReady  usbd_cdc.o
    0x0800993c   0x0000000c   Code   RO         7278    i.USBD_CDC_GetDeviceQualifierDescriptor  usbd_cdc.o
    0x08009948   0x0000003c   Code   RO         7279    i.USBD_CDC_GetFSCfgDesc  usbd_cdc.o
    0x08009984   0x00000040   Code   RO         7280    i.USBD_CDC_GetHSCfgDesc  usbd_cdc.o
    0x080099c4   0x0000003c   Code   RO         7281    i.USBD_CDC_GetOtherSpeedCfgDesc  usbd_cdc.o
    0x08009a00   0x0000015c   Code   RO         7282    i.USBD_CDC_Init     usbd_cdc.o
    0x08009b5c   0x00000040   Code   RO         7283    i.USBD_CDC_ReceivePacket  usbd_cdc.o
    0x08009b9c   0x00000018   Code   RO         7284    i.USBD_CDC_RegisterInterface  usbd_cdc.o
    0x08009bb4   0x0000001c   Code   RO         7285    i.USBD_CDC_SetRxBuffer  usbd_cdc.o
    0x08009bd0   0x00000020   Code   RO         7286    i.USBD_CDC_SetTxBuffer  usbd_cdc.o
    0x08009bf0   0x0000010a   Code   RO         7287    i.USBD_CDC_Setup    usbd_cdc.o
    0x08009cfa   0x00000002   PAD
    0x08009cfc   0x00000050   Code   RO         7288    i.USBD_CDC_TransmitPacket  usbd_cdc.o
    0x08009d4c   0x00000014   Code   RO         7393    i.USBD_ClrClassConfig  usbd_core.o
    0x08009d60   0x00000026   Code   RO         7556    i.USBD_ClrFeature   usbd_ctlreq.o
    0x08009d86   0x00000004   Code   RO         7394    i.USBD_CoreFindEP   usbd_core.o
    0x08009d8a   0x00000004   Code   RO         7395    i.USBD_CoreFindIF   usbd_core.o
    0x08009d8e   0x00000010   Code   RO         7658    i.USBD_CtlContinueRx  usbd_ioreq.o
    0x08009d9e   0x00000010   Code   RO         7659    i.USBD_CtlContinueSendData  usbd_ioreq.o
    0x08009dae   0x00000018   Code   RO         7557    i.USBD_CtlError     usbd_ctlreq.o
    0x08009dc6   0x0000001e   Code   RO         7660    i.USBD_CtlPrepareRx  usbd_ioreq.o
    0x08009de4   0x00000016   Code   RO         7661    i.USBD_CtlReceiveStatus  usbd_ioreq.o
    0x08009dfa   0x0000001a   Code   RO         7662    i.USBD_CtlSendData  usbd_ioreq.o
    0x08009e14   0x00000016   Code   RO         7663    i.USBD_CtlSendStatus  usbd_ioreq.o
    0x08009e2a   0x00000002   PAD
    0x08009e2c   0x00000030   Code   RO         8973    i.USBD_FS_ConfigStrDescriptor  usbd_desc.o
    0x08009e5c   0x0000000c   Code   RO         8974    i.USBD_FS_DeviceDescriptor  usbd_desc.o
    0x08009e68   0x00000034   Code   RO         8975    i.USBD_FS_InterfaceStrDescriptor  usbd_desc.o
    0x08009e9c   0x0000000c   Code   RO         8976    i.USBD_FS_LangIDStrDescriptor  usbd_desc.o
    0x08009ea8   0x00000028   Code   RO         8977    i.USBD_FS_ManufacturerStrDescriptor  usbd_desc.o
    0x08009ed0   0x0000003c   Code   RO         8978    i.USBD_FS_ProductStrDescriptor  usbd_desc.o
    0x08009f0c   0x00000014   Code   RO         8979    i.USBD_FS_SerialStrDescriptor  usbd_desc.o
    0x08009f20   0x0000003a   Code   RO         7558    i.USBD_GetConfig    usbd_ctlreq.o
    0x08009f5a   0x000001b0   Code   RO         7559    i.USBD_GetDescriptor  usbd_ctlreq.o
    0x0800a10a   0x0000003a   Code   RO         7397    i.USBD_GetEpDesc    usbd_core.o
    0x0800a144   0x00000014   Code   RO         7560    i.USBD_GetLen       usbd_ctlreq.o
    0x0800a158   0x0000000e   Code   RO         7398    i.USBD_GetNextDesc  usbd_core.o
    0x0800a166   0x0000003c   Code   RO         7561    i.USBD_GetStatus    usbd_ctlreq.o
    0x0800a1a2   0x0000003e   Code   RO         7562    i.USBD_GetString    usbd_ctlreq.o
    0x0800a1e0   0x00000024   Code   RO         7080    i.USBD_Get_USB_Status  usbd_conf.o
    0x0800a204   0x00000028   Code   RO         7399    i.USBD_Init         usbd_core.o
    0x0800a22c   0x00000012   Code   RO         7081    i.USBD_LL_ClearStallEP  usbd_conf.o
    0x0800a23e   0x00000012   Code   RO         7082    i.USBD_LL_CloseEP   usbd_conf.o
    0x0800a250   0x000000dc   Code   RO         7400    i.USBD_LL_DataInStage  usbd_core.o
    0x0800a32c   0x000000ca   Code   RO         7401    i.USBD_LL_DataOutStage  usbd_core.o
    0x0800a3f6   0x00000004   Code   RO         7402    i.USBD_LL_DevConnected  usbd_core.o
    0x0800a3fa   0x00000020   Code   RO         7403    i.USBD_LL_DevDisconnected  usbd_core.o
    0x0800a41a   0x00000008   Code   RO         7086    i.USBD_LL_GetRxDataSize  usbd_conf.o
    0x0800a422   0x00000002   PAD
    0x0800a424   0x00000060   Code   RO         7087    i.USBD_LL_Init      usbd_conf.o
    0x0800a484   0x00000020   Code   RO         7088    i.USBD_LL_IsStallEP  usbd_conf.o
    0x0800a4a4   0x0000002a   Code   RO         7404    i.USBD_LL_IsoINIncomplete  usbd_core.o
    0x0800a4ce   0x0000002a   Code   RO         7405    i.USBD_LL_IsoOUTIncomplete  usbd_core.o
    0x0800a4f8   0x00000018   Code   RO         7089    i.USBD_LL_OpenEP    usbd_conf.o
    0x0800a510   0x00000012   Code   RO         7090    i.USBD_LL_PrepareReceive  usbd_conf.o
    0x0800a522   0x00000060   Code   RO         7406    i.USBD_LL_Reset     usbd_core.o
    0x0800a582   0x00000014   Code   RO         7407    i.USBD_LL_Resume    usbd_core.o
    0x0800a596   0x0000001a   Code   RO         7408    i.USBD_LL_SOF       usbd_core.o
    0x0800a5b0   0x00000006   Code   RO         7409    i.USBD_LL_SetSpeed  usbd_core.o
    0x0800a5b6   0x00000012   Code   RO         7091    i.USBD_LL_SetUSBAddress  usbd_conf.o
    0x0800a5c8   0x00000060   Code   RO         7410    i.USBD_LL_SetupStage  usbd_core.o
    0x0800a628   0x00000012   Code   RO         7092    i.USBD_LL_StallEP   usbd_conf.o
    0x0800a63a   0x00000012   Code   RO         7093    i.USBD_LL_Start     usbd_conf.o
    0x0800a64c   0x00000010   Code   RO         7411    i.USBD_LL_Suspend   usbd_core.o
    0x0800a65c   0x00000012   Code   RO         7095    i.USBD_LL_Transmit  usbd_conf.o
    0x0800a66e   0x00000032   Code   RO         7563    i.USBD_ParseSetupRequest  usbd_ctlreq.o
    0x0800a6a0   0x0000003a   Code   RO         7412    i.USBD_RegisterClass  usbd_core.o
    0x0800a6da   0x00000004   Code   RO         7413    i.USBD_RunTestMode  usbd_core.o
    0x0800a6de   0x00000058   Code   RO         7564    i.USBD_SetAddress   usbd_ctlreq.o
    0x0800a736   0x00000014   Code   RO         7414    i.USBD_SetClassConfig  usbd_core.o
    0x0800a74a   0x00000002   PAD
    0x0800a74c   0x000000dc   Code   RO         7565    i.USBD_SetConfig    usbd_ctlreq.o
    0x0800a828   0x00000024   Code   RO         7566    i.USBD_SetFeature   usbd_ctlreq.o
    0x0800a84c   0x00000004   Code   RO         7415    i.USBD_Start        usbd_core.o
    0x0800a850   0x00000076   Code   RO         7567    i.USBD_StdDevReq    usbd_ctlreq.o
    0x0800a8c6   0x00000220   Code   RO         7568    i.USBD_StdEPReq     usbd_ctlreq.o
    0x0800aae6   0x0000008a   Code   RO         7569    i.USBD_StdItfReq    usbd_ctlreq.o
    0x0800ab70   0x00000002   Code   RO         7096    i.USBD_static_free  usbd_conf.o
    0x0800ab72   0x00000002   PAD
    0x0800ab74   0x00000008   Code   RO         7097    i.USBD_static_malloc  usbd_conf.o
    0x0800ab7c   0x00000084   Code   RO         4394    i.USB_ActivateEndpoint  stm32f4xx_ll_usb.o
    0x0800ac00   0x0000001c   Code   RO         4396    i.USB_ActivateSetup  stm32f4xx_ll_usb.o
    0x0800ac1c   0x00000080   Code   RO         4398    i.USB_CoreInit      stm32f4xx_ll_usb.o
    0x0800ac9c   0x00000048   Code   RO         4399    i.USB_CoreReset     stm32f4xx_ll_usb.o
    0x0800ace4   0x000000c8   Code   RO         4402    i.USB_DeactivateEndpoint  stm32f4xx_ll_usb.o
    0x0800adac   0x0000001c   Code   RO         4403    i.USB_DevConnect    stm32f4xx_ll_usb.o
    0x0800adc8   0x0000001c   Code   RO         4404    i.USB_DevDisconnect  stm32f4xx_ll_usb.o
    0x0800ade4   0x00000170   Code   RO         4405    i.USB_DevInit       stm32f4xx_ll_usb.o
    0x0800af54   0x0000000c   Code   RO         4406    i.USB_DisableGlobalInt  stm32f4xx_ll_usb.o
    0x0800af60   0x00000118   Code   RO         4409    i.USB_EP0StartXfer  stm32f4xx_ll_usb.o
    0x0800b078   0x00000054   Code   RO         4410    i.USB_EP0_OutStart  stm32f4xx_ll_usb.o
    0x0800b0cc   0x00000058   Code   RO         4411    i.USB_EPClearStall  stm32f4xx_ll_usb.o
    0x0800b124   0x00000058   Code   RO         4412    i.USB_EPSetStall    stm32f4xx_ll_usb.o
    0x0800b17c   0x000001f8   Code   RO         4413    i.USB_EPStartXfer   stm32f4xx_ll_usb.o
    0x0800b374   0x000000a4   Code   RO         4414    i.USB_EPStopXfer    stm32f4xx_ll_usb.o
    0x0800b418   0x0000000c   Code   RO         4415    i.USB_EnableGlobalInt  stm32f4xx_ll_usb.o
    0x0800b424   0x00000044   Code   RO         4416    i.USB_FlushRxFifo   stm32f4xx_ll_usb.o
    0x0800b468   0x00000048   Code   RO         4417    i.USB_FlushTxFifo   stm32f4xx_ll_usb.o
    0x0800b4b0   0x00000020   Code   RO         4419    i.USB_GetDevSpeed   stm32f4xx_ll_usb.o
    0x0800b4d0   0x00000008   Code   RO         4421    i.USB_GetMode       stm32f4xx_ll_usb.o
    0x0800b4d8   0x0000000e   Code   RO         4428    i.USB_ReadDevAllInEpInterrupt  stm32f4xx_ll_usb.o
    0x0800b4e6   0x0000000e   Code   RO         4429    i.USB_ReadDevAllOutEpInterrupt  stm32f4xx_ll_usb.o
    0x0800b4f4   0x00000024   Code   RO         4430    i.USB_ReadDevInEPInterrupt  stm32f4xx_ll_usb.o
    0x0800b518   0x00000010   Code   RO         4431    i.USB_ReadDevOutEPInterrupt  stm32f4xx_ll_usb.o
    0x0800b528   0x00000008   Code   RO         4432    i.USB_ReadInterrupts  stm32f4xx_ll_usb.o
    0x0800b530   0x0000003e   Code   RO         4433    i.USB_ReadPacket    stm32f4xx_ll_usb.o
    0x0800b56e   0x00000060   Code   RO         4435    i.USB_SetCurrentMode  stm32f4xx_ll_usb.o
    0x0800b5ce   0x0000001e   Code   RO         4436    i.USB_SetDevAddress  stm32f4xx_ll_usb.o
    0x0800b5ec   0x0000000e   Code   RO         4437    i.USB_SetDevSpeed   stm32f4xx_ll_usb.o
    0x0800b5fa   0x00000002   PAD
    0x0800b5fc   0x000000f4   Code   RO         4438    i.USB_SetTurnaroundTime  stm32f4xx_ll_usb.o
    0x0800b6f0   0x00000028   Code   RO         4441    i.USB_WritePacket   stm32f4xx_ll_usb.o
    0x0800b718   0x00000002   Code   RO          400    i.UsageFault_Handler  stm32f4xx_it.o
    0x0800b71a   0x00000002   PAD
    0x0800b71c   0x00000040   Code   RO         7974    i.Verify_CRC16_Check_Sum  crc.o
    0x0800b75c   0x00000038   Code   RO         7975    i.Verify_CRC8_Check_Sum  crc.o
    0x0800b794   0x00000020   Code   RO         8350    i.ZeroCheck_Init_Interface  zerocheck.o
    0x0800b7b4   0x00000030   Code   RO         9745    i.__ARM_fpclassify  m_wm.l(fpclassify.o)
    0x0800b7e4   0x00000026   Code   RO         9747    i.__ARM_fpclassifyf  m_wm.l(fpclassifyf.o)
    0x0800b80a   0x00000020   Code   RO         1664    i.__NVIC_SetPriority  stm32f4xx_hal_cortex.o
    0x0800b82a   0x00000002   PAD
    0x0800b82c   0x00000118   Code   RO         9606    i.__hardfp_acosf    m_wm.l(acosf.o)
    0x0800b944   0x0000012c   Code   RO         9618    i.__hardfp_asinf    m_wm.l(asinf.o)
    0x0800ba70   0x000002d8   Code   RO         9630    i.__hardfp_atan     m_wm.l(atan.o)
    0x0800bd48   0x00000250   Code   RO         9644    i.__hardfp_atan2f   m_wm.l(atan2f.o)
    0x0800bf98   0x0000003a   Code   RO         9656    i.__hardfp_sqrtf    m_wm.l(sqrtf.o)
    0x0800bfd2   0x000000f8   Code   RO         9763    i.__kernel_poly     m_wm.l(poly.o)
    0x0800c0ca   0x00000014   Code   RO         9726    i.__mathlib_dbl_infnan  m_wm.l(dunder.o)
    0x0800c0de   0x00000002   PAD
    0x0800c0e0   0x00000020   Code   RO         9731    i.__mathlib_dbl_underflow  m_wm.l(dunder.o)
    0x0800c100   0x00000006   Code   RO         9750    i.__mathlib_flt_infnan  m_wm.l(funder.o)
    0x0800c106   0x00000006   Code   RO         9751    i.__mathlib_flt_infnan2  m_wm.l(funder.o)
    0x0800c10c   0x00000010   Code   RO         9752    i.__mathlib_flt_invalid  m_wm.l(funder.o)
    0x0800c11c   0x00000010   Code   RO         9755    i.__mathlib_flt_underflow  m_wm.l(funder.o)
    0x0800c12c   0x0000000e   Code   RO         9805    i.__scatterload_copy  mc_w.l(handlers.o)
    0x0800c13a   0x00000002   Code   RO         9806    i.__scatterload_null  mc_w.l(handlers.o)
    0x0800c13c   0x0000000e   Code   RO         9807    i.__scatterload_zeroinit  mc_w.l(handlers.o)
    0x0800c14a   0x00000002   PAD
    0x0800c14c   0x0000000c   Code   RO         9789    i.__set_errno       mc_w.l(errno.o)
    0x0800c158   0x00000128   Code   RO         9082    i.bmi088_accel_init  bmi088driver.o
    0x0800c280   0x000000fc   Code   RO         9083    i.bmi088_gyro_init  bmi088driver.o
    0x0800c37c   0x00000010   Code   RO         7796    i.buzzer_off        bsp_pwm.o
    0x0800c38c   0x00000010   Code   RO         7797    i.buzzer_on         bsp_pwm.o
    0x0800c39c   0x00000100   Code   RO         6926    i.can_filter_init   bsp_can.o
    0x0800c49c   0x0000000e   Code   RO         6755    i.checkComponent    selfcheck_task.o
    0x0800c4aa   0x00000002   PAD
    0x0800c4ac   0x00000028   Code   RO         6967    i.delay_init        bsp_delay.o
    0x0800c4d4   0x00000038   Code   RO         6968    i.delay_ms          bsp_delay.o
    0x0800c50c   0x0000002c   Code   RO         6756    i.device_lost_reset  selfcheck_task.o
    0x0800c538   0x000000c6   Code   RO         7891    i.f_Changing_Integration_Rate  controller.o
    0x0800c5fe   0x0000004e   Code   RO         7892    i.f_Derivative_Filter  controller.o
    0x0800c64c   0x000000d2   Code   RO         7893    i.f_Derivative_On_Measurement  controller.o
    0x0800c71e   0x0000009a   Code   RO         7894    i.f_Integral_Limit  controller.o
    0x0800c7b8   0x0000004e   Code   RO         7895    i.f_Output_Filter   controller.o
    0x0800c806   0x00000040   Code   RO         7896    i.f_Output_Limit    controller.o
    0x0800c846   0x00000002   PAD
    0x0800c848   0x000000a4   Code   RO         7897    i.f_PID_ErrorHandle  controller.o
    0x0800c8ec   0x00000040   Code   RO         7898    i.f_Proportion_Limit  controller.o
    0x0800c92c   0x00000072   Code   RO         7899    i.f_Trapezoid_Intergral  controller.o
    0x0800c99e   0x00000018   Code   RO         9741    i.fabs              m_wm.l(fabs.o)
    0x0800c9b6   0x00000020   Code   RO         8212    i.float_constrain   user_lib.o
    0x0800c9d6   0x00000022   Code   RO         8214    i.float_rounding    user_lib.o
    0x0800c9f8   0x00000214   Code   RO         6310    i.imugimbal_config  gimbal_task.o
    0x0800cc0c   0x0000002c   Code   RO         8470    i.invSqrt           quaternionekf.o
    0x0800cc38   0x00000094   Code   RO         6808    i.isPluckStuck      shoot_task.o
    0x0800cccc   0x00000060   Code   RO         6240    i.key_refresh       actioncontrol_task.o
    0x0800cd2c   0x000000a8   Code   RO         6241    i.key_rising_check  actioncontrol_task.o
    0x0800cdd4   0x00000014   Code   RO           16    i.main              main.o
    0x0800cde8   0x0000000c   Code   RO         5729    i.makeFreeRtosPriority  cmsis_os.o
    0x0800cdf4   0x0000006c   Code   RO         9684    i.malloc            mc_w.l(malloc.o)
    0x0800ce60   0x00000010   Code   RO         5731    i.osDelay           cmsis_os.o
    0x0800ce70   0x0000000a   Code   RO         5734    i.osKernelStart     cmsis_os.o
    0x0800ce7a   0x00000058   Code   RO         5768    i.osThreadCreate    cmsis_os.o
    0x0800ced2   0x00000002   PAD
    0x0800ced4   0x0000001c   Code   RO         8065    i.pid_reset         pid.o
    0x0800cef0   0x00000078   Code   RO         5227    i.prvAddCurrentTaskToDelayedList  tasks.o
    0x0800cf68   0x00000088   Code   RO         5228    i.prvAddNewTaskToReadyList  tasks.o
    0x0800cff0   0x00000058   Code   RO         5576    i.prvCheckForValidListAndQueue  timers.o
    0x0800d048   0x0000003c   Code   RO         5229    i.prvCheckTasksWaitingTermination  tasks.o
    0x0800d084   0x00000028   Code   RO         4883    i.prvCopyDataFromQueue  queue.o
    0x0800d0ac   0x0000006e   Code   RO         4884    i.prvCopyDataToQueue  queue.o
    0x0800d11a   0x00000040   Code   RO         5230    i.prvDeleteTCB      tasks.o
    0x0800d15a   0x00000002   PAD
    0x0800d15c   0x00000024   Code   RO         5577    i.prvGetNextExpireTime  timers.o
    0x0800d180   0x0000004c   Code   RO         6108    i.prvHeapInit       heap_4.o
    0x0800d1cc   0x00000028   Code   RO         5231    i.prvIdleTask       tasks.o
    0x0800d1f4   0x00000018   Code   RO         4887    i.prvInitialiseNewQueue  queue.o
    0x0800d20c   0x0000009e   Code   RO         5232    i.prvInitialiseNewTask  tasks.o
    0x0800d2aa   0x00000002   PAD
    0x0800d2ac   0x00000058   Code   RO         5233    i.prvInitialiseTaskLists  tasks.o
    0x0800d304   0x00000054   Code   RO         6109    i.prvInsertBlockIntoFreeList  heap_4.o
    0x0800d358   0x00000040   Code   RO         5579    i.prvInsertTimerInActiveList  timers.o
    0x0800d398   0x0000001a   Code   RO         4888    i.prvIsQueueEmpty   queue.o
    0x0800d3b2   0x0000001e   Code   RO         4889    i.prvIsQueueFull    queue.o
    0x0800d3d0   0x0000005c   Code   RO         5580    i.prvProcessExpiredTimer  timers.o
    0x0800d42c   0x000000cc   Code   RO         5581    i.prvProcessReceivedCommands  timers.o
    0x0800d4f8   0x0000006c   Code   RO         5582    i.prvProcessTimerOrBlockTask  timers.o
    0x0800d564   0x00000024   Code   RO         5234    i.prvResetNextTaskUnblockTime  tasks.o
    0x0800d588   0x0000002c   Code   RO         5583    i.prvSampleTimeNow  timers.o
    0x0800d5b4   0x0000006c   Code   RO         5584    i.prvSwitchTimerLists  timers.o
    0x0800d620   0x0000002c   Code   RO         6158    i.prvTaskExitError  port.o
    0x0800d64c   0x00000014   Code   RO         5585    i.prvTimerTask      timers.o
    0x0800d660   0x0000006a   Code   RO         4890    i.prvUnlockQueue    queue.o
    0x0800d6ca   0x00000002   PAD
    0x0800d6cc   0x000000d4   Code   RO         6110    i.pvPortMalloc      heap_4.o
    0x0800d7a0   0x00000024   Code   RO         6159    i.pxPortInitialiseStack  port.o
    0x0800d7c4   0x00000010   Code   RO         6512    i.remote_control_init  remotecontrol_task.o
    0x0800d7d4   0x00000100   Code   RO         6757    i.selfCheck_update  selfcheck_task.o
    0x0800d8d4   0x000001c8   Code   RO         6809    i.shootMotor_control  shoot_task.o
    0x0800da9c   0x000000a0   Code   RO         6810    i.shoot_PID_init    shoot_task.o
    0x0800db3c   0x00000064   Code   RO         6812    i.shoot_config      shoot_task.o
    0x0800dba0   0x00000040   Code   RO         6242    i.shoot_mode_check  actioncontrol_task.o
    0x0800dbe0   0x0000003e   Code   RO         9658    i.sqrtf             m_wm.l(sqrtf.o)
    0x0800dc1e   0x00000002   PAD
    0x0800dc20   0x00000068   Code   RO         5239    i.ulTaskNotifyTake  tasks.o
    0x0800dc88   0x00000026   Code   RO         4843    i.uxListRemove      list.o
    0x0800dcae   0x00000002   PAD
    0x0800dcb0   0x00000014   Code   RO          571    i.vApplicationGetIdleTaskMemory  freertos.o
    0x0800dcc4   0x00000018   Code   RO          572    i.vApplicationGetTimerTaskMemory  freertos.o
    0x0800dcdc   0x00000016   Code   RO         4844    i.vListInitialise   list.o
    0x0800dcf2   0x00000006   Code   RO         4845    i.vListInitialiseItem  list.o
    0x0800dcf8   0x00000030   Code   RO         4846    i.vListInsert       list.o
    0x0800dd28   0x00000018   Code   RO         4847    i.vListInsertEnd    list.o
    0x0800dd40   0x00000040   Code   RO         6161    i.vPortEnterCritical  port.o
    0x0800dd80   0x0000002c   Code   RO         6162    i.vPortExitCritical  port.o
    0x0800ddac   0x0000005c   Code   RO         6111    i.vPortFree         heap_4.o
    0x0800de08   0x00000024   Code   RO         6163    i.vPortSetupTimerInterrupt  port.o
    0x0800de2c   0x00000054   Code   RO         6164    i.vPortValidateInterruptPriority  port.o
    0x0800de80   0x00000024   Code   RO         4894    i.vQueueAddToRegistry  queue.o
    0x0800dea4   0x00000046   Code   RO         4897    i.vQueueWaitForMessageRestricted  queue.o
    0x0800deea   0x00000002   PAD
    0x0800deec   0x00000050   Code   RO         5245    i.vTaskDelay        tasks.o
    0x0800df3c   0x00000010   Code   RO         5249    i.vTaskInternalSetTimeOutState  tasks.o
    0x0800df4c   0x0000000c   Code   RO         5250    i.vTaskMissedYield  tasks.o
    0x0800df58   0x00000034   Code   RO         5252    i.vTaskPlaceOnEventList  tasks.o
    0x0800df8c   0x0000003c   Code   RO         5253    i.vTaskPlaceOnEventListRestricted  tasks.o
    0x0800dfc8   0x00000090   Code   RO         5260    i.vTaskStartScheduler  tasks.o
    0x0800e058   0x00000010   Code   RO         5262    i.vTaskSuspendAll   tasks.o
    0x0800e068   0x00000060   Code   RO         5263    i.vTaskSwitchContext  tasks.o
    0x0800e0c8   0x000000f4   Code   RO         6165    i.xPortStartScheduler  port.o
    0x0800e1bc   0x0000002c   Code   RO         6166    i.xPortSysTickHandler  port.o
    0x0800e1e8   0x0000006c   Code   RO         4901    i.xQueueGenericCreateStatic  queue.o
    0x0800e254   0x0000008c   Code   RO         4902    i.xQueueGenericReset  queue.o
    0x0800e2e0   0x00000164   Code   RO         4903    i.xQueueGenericSend  queue.o
    0x0800e444   0x000000be   Code   RO         4904    i.xQueueGenericSendFromISR  queue.o
    0x0800e502   0x00000002   PAD
    0x0800e504   0x0000013c   Code   RO         4912    i.xQueueReceive     queue.o
    0x0800e640   0x00000090   Code   RO         5265    i.xTaskCheckForTimeOut  tasks.o
    0x0800e6d0   0x00000064   Code   RO         5266    i.xTaskCreate       tasks.o
    0x0800e734   0x0000005c   Code   RO         5267    i.xTaskCreateStatic  tasks.o
    0x0800e790   0x0000001c   Code   RO         5272    i.xTaskGetSchedulerState  tasks.o
    0x0800e7ac   0x0000000c   Code   RO         5273    i.xTaskGetTickCount  tasks.o
    0x0800e7b8   0x000000cc   Code   RO         5275    i.xTaskIncrementTick  tasks.o
    0x0800e884   0x00000098   Code   RO         5278    i.xTaskPriorityDisinherit  tasks.o
    0x0800e91c   0x0000007c   Code   RO         5280    i.xTaskRemoveFromEventList  tasks.o
    0x0800e998   0x000000cc   Code   RO         5281    i.xTaskResumeAll    tasks.o
    0x0800ea64   0x00000068   Code   RO         5590    i.xTimerCreateTimerTask  timers.o
    0x0800eacc   0x0000006c   Code   RO         5591    i.xTimerGenericCommand  timers.o
    0x0800eb38   0x000000c4   Data   RO          574    .constdata          freertos.o
    0x0800ebfc   0x00000008   Data   RO         1381    .constdata          stm32f4xx_hal_dma.o
    0x0800ec04   0x00000010   Data   RO         4706    .constdata          system_stm32f4xx.o
    0x0800ec14   0x00000008   Data   RO         4707    .constdata          system_stm32f4xx.o
    0x0800ec1c   0x00000030   Data   RO         6412    .constdata          ins_task.o
    0x0800ec4c   0x00000300   Data   RO         7976    .constdata          crc.o
    0x0800ef4c   0x00000090   Data   RO         8472    .constdata          quaternionekf.o
    0x0800efdc   0x00000410   Data   RO         9420    .constdata          arm_cortexM4lf_math.lib(arm_cos_f32.o)
    0x0800f3ec   0x0000040c   Data   RO         9467    .constdata          arm_cortexM4lf_math.lib(arm_sin_f32.o)
    0x0800f7f8   0x00000098   Data   RO         9633    .constdata          m_wm.l(atan.o)
    0x0800f890   0x00000063   Data   RO          575    .conststring        freertos.o
    0x0800f8f3   0x00000001   PAD
    0x0800f8f4   0x00000020   Data   RO         9803    Region$$Table       anon$$obj.o


    Execution Region RW_IRAM1 (Base: 0x20000000, Size: 0x0000ade8, Max: 0x00020000, ABSOLUTE, COMPRESSED[0x00000168])

    Base Addr    Size         Type   Attr      Idx    E Section Name        Object

    0x20000000   0x00000004   Data   RW          401    .data               stm32f4xx_it.o
    0x20000004   0x0000001c   Data   RW          576    .data               freertos.o
    0x20000020   0x0000000c   Data   RW         1808    .data               stm32f4xx_hal.o
    0x2000002c   0x00000004   Data   RW         4708    .data               system_stm32f4xx.o
    0x20000030   0x0000003c   Data   RW         5284    .data               tasks.o
    0x2000006c   0x00000014   Data   RW         5599    .data               timers.o
    0x20000080   0x00000018   Data   RW         6116    .data               heap_4.o
    0x20000098   0x0000000c   Data   RW         6167    .data               port.o
    0x200000a4   0x00000024   Data   RW         6245    .data               actioncontrol_task.o
    0x200000c8   0x00000070   Data   RW         6312    .data               gimbal_task.o
    0x20000138   0x00000004   Data   RW         6315    .data               gimbal_task.o
    0x2000013c   0x00000004   Data   RW         6316    .data               gimbal_task.o
    0x20000140   0x00000004   Data   RW         6317    .data               gimbal_task.o
    0x20000144   0x00000004   Data   RW         6318    .data               gimbal_task.o
    0x20000148   0x00000070   Data   RW         6413    .data               ins_task.o
    0x200001b8   0x00000004   Data   RW         6514    .data               remotecontrol_task.o
    0x200001bc   0x00000004   Data   RW         6760    .data               selfcheck_task.o
    0x200001c0   0x0000003c   Data   RW         6813    .data               shoot_task.o
    0x200001fc   0x00000030   Data   RW         6889    .data               judgereceive_task.o
    0x2000022c   0x0000000c   Data   RW         6927    .data               bsp_can.o
    0x20000238   0x00000008   Data   RW         6970    .data               bsp_delay.o
    0x20000240   0x00000053   Data   RW         7289    .data               usbd_cdc.o
    0x20000293   0x00000001   PAD
    0x20000294   0x00000038   Data   RW         7290    .data               usbd_cdc.o
    0x200002cc   0x00000001   Data   RW         7570    .data               usbd_ctlreq.o
    0x200002cd   0x00000003   PAD
    0x200002d0   0x00000040   Data   RW         7727    .data               bsp_dwt.o
    0x20000310   0x00000014   Data   RW         7838    .data               usbd_cdc_if.o
    0x20000324   0x00000004   Data   RW         7978    .data               crc.o
    0x20000328   0x00000014   Data   RW         8223    .data               user_lib.o
    0x2000033c   0x00000004   Data   RW         8393    .data               kalman_filter.o
    0x20000340   0x000000d4   Data   RW         8473    .data               quaternionekf.o
    0x20000414   0x00000004   Data   RW         8628    .data               can.o
    0x20000418   0x00000004   Data   RW         8884    .data               usart.o
    0x2000041c   0x0000001c   Data   RW         8981    .data               usbd_desc.o
    0x20000438   0x00000032   Data   RW         8982    .data               usbd_desc.o
    0x2000046a   0x00000002   PAD
    0x2000046c   0x0000004c   Data   RW         9085    .data               bmi088driver.o
    0x200004b8   0x00000010   Data   RW         9340    .data               motor.o
    0x200004c8   0x0000000c   Data   RW         9380    .data               pc_serial.o
    0x200004d4   0x00000004   Data   RW         9785    .data               mc_w.l(mvars.o)
    0x200004d8   0x00000004   Data   RW         9786    .data               mc_w.l(mvars.o)
    0x200004dc   0x00000004   Data   RW         9790    .data               mc_w.l(errno.o)
    0x200004e0   0x000006a8   Zero   RW          573    .bss                freertos.o
    0x20000b88   0x00000040   Zero   RW         4915    .bss                queue.o
    0x20000bc8   0x000000f0   Zero   RW         5283    .bss                tasks.o
    0x20000cb8   0x00000110   Zero   RW         5598    .bss                timers.o
    0x20000dc8   0x00006000   Zero   RW         6115    .bss                heap_4.o
    0x20006dc8   0x00000039   Zero   RW         6243    .bss                actioncontrol_task.o
    0x20006e01   0x00000003   PAD
    0x20006e04   0x000000b0   Zero   RW         6311    .bss                gimbal_task.o
    0x20006eb4   0x00000174   Zero   RW         6411    .bss                ins_task.o
    0x20007028   0x00000081   Zero   RW         6513    .bss                remotecontrol_task.o
    0x200070a9   0x00000001   PAD
    0x200070aa   0x0000000c   Zero   RW         6758    .bss                selfcheck_task.o
    0x200070b6   0x00000002   PAD
    0x200070b8   0x000002dc   Zero   RW         6888    .bss                judgereceive_task.o
    0x20007394   0x0000072c   Zero   RW         7098    .bss                usbd_conf.o
    0x20007ac0   0x00001000   Zero   RW         7837    .bss                usbd_cdc_if.o
    0x20008ac0   0x00000280   Zero   RW         8471    .bss                quaternionekf.o
    0x20008d40   0x00000050   Zero   RW         8627    .bss                can.o
    0x20008d90   0x00000054   Zero   RW         8723    .bss                i2c.o
    0x20008de4   0x00000118   Zero   RW         8765    .bss                spi.o
    0x20008efc   0x00000140   Zero   RW         8812    .bss                tim.o
    0x2000903c   0x000003a0   Zero   RW         8882    .bss                usart.o
    0x200093dc   0x000002dc   Zero   RW         8941    .bss                usb_device.o
    0x200096b8   0x00000200   Zero   RW         8980    .bss                usbd_desc.o
    0x200098b8   0x00000060   Zero   RW         9084    .bss                bmi088driver.o
    0x20009918   0x00000284   Zero   RW         9336    .bss                motor.o
    0x20009b9c   0x00000284   Zero   RW         9337    .bss                motor.o
    0x20009e20   0x00000134   Zero   RW         9338    .bss                motor.o
    0x20009f54   0x00000268   Zero   RW         9339    .bss                motor.o
    0x2000a1bc   0x00000021   Zero   RW         9378    .bss                pc_serial.o
    0x2000a1dd   0x0000000b   Zero   RW         9379    .bss                pc_serial.o
    0x2000a1e8   0x00000800   Zero   RW            2    HEAP                startup_stm32f407xx.o
    0x2000a9e8   0x00000400   Zero   RW            1    STACK               startup_stm32f407xx.o


==============================================================================

Image component sizes


      Code (inc. data)   RO Data    RW Data    ZI Data      Debug   Object Name

       816         90          0         36         57       4791   actioncontrol_task.o
      2216        110          0         76         96      10575   bmi088driver.o
        96         28          0          0          0       2623   bmi088middleware.o
       800         48          0         12          0       2907   bsp_can.o
        96         20          0          8          0       1328   bsp_delay.o
       448         70          0         64          0       4598   bsp_dwt.o
        74         10          0          0          0       1923   bsp_pwm.o
       456         42          0          4         80       2718   can.o
       126          0          0          0          0      22247   cmsis_os.o
      1870         14          0          0          0       7279   controller.o
        52         10          0          0          0        960   counter.o
       196         18        768          4          0       3781   crc.o
       124          4          0          0          0        910   dma.o
         0          0          0          0          0      17936   event_groups.o
        96          0          0          0          0       1586   feedforward.o
       216         20        295         28       1704       3532   freertos.o
      1996        260          0        128        176       9813   gimbal_task.o
       732         36          0          0          0       1451   gpio.o
       464         22          0         24      24576       5063   heap_4.o
       212         32          0          0         84       1877   i2c.o
      2132        148         48        112        372      12369   ins_task.o
       880         30          0         48        732       8301   judgereceive_task.o
      2212         18          0          4          0       9047   kalman_filter.o
       138          0          0          0          0       3734   list.o
       296         18          0          0          0     778536   main.o
       120         16          0         16       2212       3304   motor.o
       268         36          0         12         44       3457   pc_serial.o
       248          6          0          0          0       2363   pid.o
       786         84          0         12          0      12281   port.o
      2932        162        144        212        640      10697   quaternionekf.o
      1552         20          0          0         64      15184   queue.o
       680         52          0          4        129     597780   remotecontrol_task.o
       398         52          0          4         12       3617   selfcheck_task.o
      1198        194          0         60          0       6926   shoot_task.o
       138         10          0          0          0       2593   signalgenerator.o
       344         32          0          0        280       2063   spi.o
        36          8        392          0       3072        860   startup_stm32f407xx.o
       184         28          0         12          0       4757   stm32f4xx_hal.o
      1766          6          0          0          0      14311   stm32f4xx_hal_can.o
       198         14          0          0          0      34211   stm32f4xx_hal_cortex.o
      1130         14          8          0          0       7587   stm32f4xx_hal_dma.o
       492         52          0          0          0       3808   stm32f4xx_hal_gpio.o
       388         16          0          0          0       2127   stm32f4xx_hal_i2c.o
        56          4          0          0          0        886   stm32f4xx_hal_msp.o
      2624         14          0          0          0      14624   stm32f4xx_hal_pcd.o
        76          0          0          0          0       2573   stm32f4xx_hal_pcd_ex.o
      1420         72          0          0          0       6376   stm32f4xx_hal_rcc.o
       852         10          0          0          0       4605   stm32f4xx_hal_spi.o
      1832         90          0          0          0      18260   stm32f4xx_hal_tim.o
        70          0          0          0          0       2549   stm32f4xx_hal_tim_ex.o
      1496         14          0          0          0       7677   stm32f4xx_hal_uart.o
       260         74          0          4          0      15991   stm32f4xx_it.o
      2970        138          0          0          0      25375   stm32f4xx_ll_usb.o
         0          0          0          0          0        392   stream_buffer.o
        84         18         24          4          0       1243   system_stm32f4xx.o
      2342        178          0         60        240      26489   tasks.o
      1056         96          0          0        320       5802   tim.o
       976         86          0         20        272      27791   timers.o
       656         84          0          4        928       4645   usart.o
        84         18          0          0        732        856   usb_device.o
      1424         40          0        139          0      13113   usbd_cdc.o
       144         26          0         20       4096       4129   usbd_cdc_if.o
       658         22          0          0       1836      16668   usbd_conf.o
      1028          0          0          0          0      14669   usbd_core.o
      1898         30          0          1          0      16804   usbd_ctlreq.o
       358        112          0         78        512       6981   usbd_desc.o
       132          0          0          0          0       4052   usbd_ioreq.o
       594          6          0         20          0       6297   user_lib.o
       160         16          0          0          0       1727   zerocheck.o

    ----------------------------------------------------------------------
     52942       2998       1712       1236      43272    1898385   Object Totals
         0          0         32          0          0          0   (incl. Generated)
        90          0          1          6          6          0   (incl. Padding)

    ----------------------------------------------------------------------

      Code (inc. data)   RO Data    RW Data    ZI Data      Debug   Library Member Name

       216         22       1040          0          0      16570   arm_cos_f32.o
       256          0          0          0          0       1426   arm_mat_add_f32.o
         8          0          0          0          0        779   arm_mat_init_f32.o
      1280         10          0          0          0       2726   arm_mat_inverse_f32.o
       248          6          0          0          0       1371   arm_mat_mult_f32.o
       256          0          0          0          0       1426   arm_mat_sub_f32.o
       152          0          0          0          0       1172   arm_mat_trans_f32.o
       216         22       1036          0          0       1382   arm_sin_f32.o
       280         46          0          0          0        176   acosf.o
       300         42          0          0          0        176   asinf.o
       728        106        152          0          0        228   atan.o
       592         90          0          0          0        184   atan2f.o
        52          8          0          0          0        248   dunder.o
        24          0          0          0          0        124   fabs.o
        48          0          0          0          0        124   fpclassify.o
        38          0          0          0          0        116   fpclassifyf.o
        44         12          0          0          0        464   funder.o
       248          0          0          0          0        152   poly.o
       120          0          0          0          0        272   sqrtf.o
        86          0          0          0          0          0   __dczerorl2.o
         0          0          0          0          0          0   entry.o
         0          0          0          0          0          0   entry10a.o
         0          0          0          0          0          0   entry11a.o
         8          4          0          0          0          0   entry2.o
         4          0          0          0          0          0   entry5.o
         0          0          0          0          0          0   entry7b.o
         0          0          0          0          0          0   entry8b.o
         8          4          0          0          0          0   entry9a.o
        12          6          0          4          0         68   errno.o
        30          0          0          0          0          0   handlers.o
        36          8          0          0          0         68   init.o
         0          0          0          0          0          0   iusefp.o
        30          0          0          0          0         68   llshl.o
        36          0          0          0          0         68   llsshr.o
        32          0          0          0          0         68   llushr.o
       108         16          0          0          0         84   malloc.o
        36          0          0          0          0         68   memcpya.o
        36          0          0          0          0        108   memseta.o
         0          0          0          8          0          0   mvars.o
        98          0          0          0          0         92   uldiv.o
        56          0          0          0          0         88   d2f.o
       334          0          0          0          0        148   dadd.o
       222          0          0          0          0        100   ddiv.o
       186          0          0          0          0        176   depilogue.o
        34          0          0          0          0         76   dflti.o
       228          0          0          0          0         96   dmul.o
        38          0          0          0          0         68   f2d.o
       110          0          0          0          0        168   fepilogue.o

    ----------------------------------------------------------------------
      6882        402       2228         12          0      30728   Library Totals
         8          0          0          0          0          0   (incl. Padding)

    ----------------------------------------------------------------------

      Code (inc. data)   RO Data    RW Data    ZI Data      Debug   Library Name

      2632         60       2076          0          0      26852   arm_cortexM4lf_math.lib
      2474        304        152          0          0       2264   m_wm.l
       560         38          0         12          0        692   mc_w.l
      1208          0          0          0          0        920   mf_w.l

    ----------------------------------------------------------------------
      6882        402       2228         12          0      30728   Library Totals

    ----------------------------------------------------------------------

==============================================================================


      Code (inc. data)   RO Data    RW Data    ZI Data      Debug   

     59824       3400       3940       1248      43272    1880569   Grand Totals
     59824       3400       3940        360      43272    1880569   ELF Image Totals (compressed)
     59824       3400       3940        360          0          0   ROM Totals

==============================================================================

    Total RO  Size (Code + RO Data)                63764 (  62.27kB)
    Total RW  Size (RW Data + ZI Data)             44520 (  43.48kB)
    Total ROM Size (Code + RO Data + RW Data)      64124 (  62.62kB)

==============================================================================

